[0.217s] Invoking command in '/vehicle_1811/build/lidar_perception': AMENT_PREFIX_PATH=/vehicle_1811/install/vehicle_msgs:${AMENT_PREFIX_PATH} CMAKE_PREFIX_PATH=/vehicle_1811/install/vehicle_msgs:/opt/ros/humble LD_LIBRARY_PATH=/vehicle_1811/install/vehicle_msgs/lib:${LD_LIBRARY_PATH} PYTHONPATH=/vehicle_1811/install/vehicle_msgs/local/lib/python3.10/dist-packages:${PYTHONPATH} /usr/bin/cmake /vehicle_1811/ros2_ws/src/lidar_perception -DCMAKE_INSTALL_PREFIX=/vehicle_1811/install/lidar_perception
[0.366s] -- The C compiler identification is GNU 11.4.0
[0.367s] -- The CXX compiler identification is GNU 11.4.0
[0.367s] -- Detecting C compiler ABI info
[0.382s] -- Detecting C compiler ABI info - done
[0.389s] -- Check for working C compiler: /usr/bin/cc - skipped
[0.389s] -- Detecting C compile features
[0.389s] -- Detecting C compile features - done
[0.391s] -- Detecting CXX compiler ABI info
[0.459s] -- Detecting CXX compiler ABI info - done
[0.465s] -- Check for working CXX compiler: /usr/bin/c++ - skipped
[0.466s] -- Detecting CXX compile features
[0.466s] -- Detecting CXX compile features - done
[0.469s] -- Found ament_cmake: 1.3.14 (/opt/ros/humble/share/ament_cmake/cmake)
[0.585s] -- Found Python3: /usr/bin/python3 (found version "3.10.12") found components: Interpreter 
[0.676s] -- Found rclcpp: 16.0.19 (/opt/ros/humble/share/rclcpp/cmake)
[0.714s] -- Found rosidl_generator_c: 3.1.8 (/opt/ros/humble/share/rosidl_generator_c/cmake)
[0.721s] -- Found rosidl_adapter: 3.1.8 (/opt/ros/humble/share/rosidl_adapter/cmake)
[0.730s] -- Found rosidl_generator_cpp: 3.1.8 (/opt/ros/humble/share/rosidl_generator_cpp/cmake)
[0.746s] -- Using all available rosidl_typesupport_c: rosidl_typesupport_fastrtps_c;rosidl_typesupport_introspection_c
[0.762s] -- Using all available rosidl_typesupport_cpp: rosidl_typesupport_fastrtps_cpp;rosidl_typesupport_introspection_cpp
[0.822s] -- Found rmw_implementation_cmake: 6.1.2 (/opt/ros/humble/share/rmw_implementation_cmake/cmake)
[0.825s] -- Found rmw_fastrtps_cpp: 6.2.10 (/opt/ros/humble/share/rmw_fastrtps_cpp/cmake)
[0.937s] -- Found OpenSSL: /usr/lib/x86_64-linux-gnu/libcrypto.so (found version "3.0.2")  
[0.960s] -- Found FastRTPS: /opt/ros/humble/include  
[0.993s] -- Using RMW implementation 'rmw_fastrtps_cpp' as default
[0.999s] -- Looking for pthread.h
[1.109s] -- Looking for pthread.h - found
[1.110s] -- Performing Test CMAKE_HAVE_LIBC_PTHREAD
[1.193s] -- Performing Test CMAKE_HAVE_LIBC_PTHREAD - Success
[1.194s] -- Found Threads: TRUE  
[1.236s] -- Found sensor_msgs: 4.9.1 (/opt/ros/humble/share/sensor_msgs/cmake)
[1.261s] [31mCMake Error at CMakeLists.txt:12 (find_package):
[1.261s]   By not providing "Findpcl_conversions.cmake" in CMAKE_MODULE_PATH this
[1.261s]   project has asked CMake to find a package configuration file provided by
[1.261s]   "pcl_conversions", but CMake did not find one.
[1.261s] 
[1.261s]   Could not find a package configuration file provided by "pcl_conversions"
[1.261s]   with any of the following names:
[1.261s] 
[1.261s]     pcl_conversionsConfig.cmake
[1.261s]     pcl_conversions-config.cmake
[1.261s] 
[1.261s]   Add the installation prefix of "pcl_conversions" to CMAKE_PREFIX_PATH or
[1.261s]   set "pcl_conversions_DIR" to a directory containing one of the above files.
[1.261s]   If "pcl_conversions" provides a separate development package or SDK, be
[1.261s]   sure it has been installed.
[1.261s] 
[1.261s] [0m
[1.261s] -- Configuring incomplete, errors occurred!
[1.261s] See also "/vehicle_1811/build/lidar_perception/CMakeFiles/CMakeOutput.log".
[1.270s] Invoked command in '/vehicle_1811/build/lidar_perception' returned '1': AMENT_PREFIX_PATH=/vehicle_1811/install/vehicle_msgs:${AMENT_PREFIX_PATH} CMAKE_PREFIX_PATH=/vehicle_1811/install/vehicle_msgs:/opt/ros/humble LD_LIBRARY_PATH=/vehicle_1811/install/vehicle_msgs/lib:${LD_LIBRARY_PATH} PYTHONPATH=/vehicle_1811/install/vehicle_msgs/local/lib/python3.10/dist-packages:${PYTHONPATH} /usr/bin/cmake /vehicle_1811/ros2_ws/src/lidar_perception -DCMAKE_INSTALL_PREFIX=/vehicle_1811/install/lidar_perception
