[0.011s] Invoking command in '/home/nova/1811/ros2_ws/src/build/vehicle_1811_description': /usr/bin/cmake /home/nova/1811/ros2_ws/src/vehicle_1811_description -DCMAKE_INSTALL_PREFIX=/home/nova/1811/ros2_ws/src/install/vehicle_1811_description
[0.286s] -- The C compiler identification is GNU 11.4.0
[0.531s] -- The CXX compiler identification is GNU 11.4.0
[0.553s] -- Detecting C compiler ABI info
[0.702s] -- Detecting C compiler ABI info - done
[0.727s] -- Check for working C compiler: /usr/bin/cc - skipped
[0.729s] -- Detecting C compile features
[0.731s] -- Detecting C compile features - done
[0.742s] -- Detecting CXX compiler ABI info
[0.893s] -- Detecting CXX compiler ABI info - done
[0.918s] -- Check for working CXX compiler: /usr/bin/c++ - skipped
[0.919s] -- Detecting CXX compile features
[0.921s] -- Detecting CXX compile features - done
[0.946s] [31mCMake Error at CMakeLists.txt:4 (find_package):
[0.946s]   By not providing "Findament_cmake.cmake" in CMAKE_MODULE_PATH this project
[0.946s]   has asked CMake to find a package configuration file provided by
[0.946s]   "ament_cmake", but CMake did not find one.
[0.947s] 
[0.947s]   Could not find a package configuration file provided by "ament_cmake" with
[0.947s]   any of the following names:
[0.947s] 
[0.947s]     ament_cmakeConfig.cmake
[0.947s]     ament_cmake-config.cmake
[0.948s] 
[0.948s]   Add the installation prefix of "ament_cmake" to CMAKE_PREFIX_PATH or set
[0.948s]   "ament_cmake_DIR" to a directory containing one of the above files.  If
[0.948s]   "ament_cmake" provides a separate development package or SDK, be sure it
[0.948s]   has been installed.
[0.948s] 
[0.949s] [0m
[0.949s] -- Configuring incomplete, errors occurred!
[0.949s] See also "/home/nova/1811/ros2_ws/src/build/vehicle_1811_description/CMakeFiles/CMakeOutput.log".
[0.958s] Invoked command in '/home/nova/1811/ros2_ws/src/build/vehicle_1811_description' returned '1': /usr/bin/cmake /home/nova/1811/ros2_ws/src/vehicle_1811_description -DCMAKE_INSTALL_PREFIX=/home/nova/1811/ros2_ws/src/install/vehicle_1811_description
