[0.000000] (-) TimerEvent: {}
[0.000573] (jetson_bringup) JobQueued: {'identifier': 'jetson_bringup', 'dependencies': OrderedDict()}
[0.000795] (obc_bringup) JobQueued: {'identifier': 'obc_bringup', 'dependencies': OrderedDict()}
[0.000863] (vehicle_msgs) JobQueued: {'identifier': 'vehicle_msgs', 'dependencies': OrderedDict()}
[0.000911] (camera_perception) JobQueued: {'identifier': 'camera_perception', 'dependencies': OrderedDict([('vehicle_msgs', '/home/adit22/1811/install/vehicle_msgs')])}
[0.001147] (lidar_perception) JobQueued: {'identifier': 'lidar_perception', 'dependencies': OrderedDict([('vehicle_msgs', '/home/adit22/1811/install/vehicle_msgs')])}
[0.001276] (sensor_fusion) JobQueued: {'identifier': 'sensor_fusion', 'dependencies': OrderedDict([('vehicle_msgs', '/home/adit22/1811/install/vehicle_msgs')])}
[0.001459] (teleop_bridge) JobQueued: {'identifier': 'teleop_bridge', 'dependencies': OrderedDict([('vehicle_msgs', '/home/adit22/1811/install/vehicle_msgs')])}
[0.001536] (vehicle_msgs) JobStarted: {'identifier': 'vehicle_msgs'}
[0.043610] (vehicle_msgs) StderrLine: {'line': b'Traceback (most recent call last):\n  File "/usr/lib/python3/dist-packages/colcon_core/executor/__init__.py", line 91, in __call__\n    rc = await self.task(*args, **kwargs)\n  File "/usr/lib/python3/dist-packages/colcon_core/task/__init__.py", line 120, in __call__\n    return await task_method(*args, **kwargs)\n  File "/usr/lib/python3/dist-packages/colcon_ros/task/ament_cmake/build.py", line 84, in build\n    create_environment_scripts(\n  File "/usr/lib/python3/dist-packages/colcon_core/environment/__init__.py", line 91, in create_environment_scripts\n    create_file_with_runtime_dependencies(prefix_path, pkg))\n  File "/usr/lib/python3/dist-packages/colcon_core/environment/__init__.py", line 174, in create_file_with_runtime_dependencies\n    path.write_text(\n  File "/usr/lib/python3.10/pathlib.py", line 1154, in write_text\n    with self.open(mode=\'w\', encoding=encoding, errors=errors, newline=newline) as f:\n  File "/usr/lib/python3.10/pathlib.py", line 1119, in open\n    return self._accessor.open(self, mode, buffering, encoding, errors,\nPermissionError: [Errno 13] Permission denied: \'/home/adit22/1811/install/vehicle_msgs/share/colcon-core/packages/vehicle_msgs\'\n'}
[0.046887] (vehicle_msgs) JobEnded: {'identifier': 'vehicle_msgs', 'rc': 1}
[0.049537] (jetson_bringup) JobStarted: {'identifier': 'jetson_bringup'}
[0.078685] (jetson_bringup) StderrLine: {'line': b'Traceback (most recent call last):\n  File "/usr/lib/python3/dist-packages/colcon_core/executor/__init__.py", line 91, in __call__\n    rc = await self.task(*args, **kwargs)\n  File "/usr/lib/python3/dist-packages/colcon_core/task/__init__.py", line 120, in __call__\n    return await task_method(*args, **kwargs)\n  File "/usr/lib/python3/dist-packages/colcon_ros/task/ament_cmake/build.py", line 84, in build\n    create_environment_scripts(\n  File "/usr/lib/python3/dist-packages/colcon_core/environment/__init__.py", line 91, in create_environment_scripts\n    create_file_with_runtime_dependencies(prefix_path, pkg))\n  File "/usr/lib/python3/dist-packages/colcon_core/environment/__init__.py", line 174, in create_file_with_runtime_dependencies\n    path.write_text(\n  File "/usr/lib/python3.10/pathlib.py", line 1154, in write_text\n    with self.open(mode=\'w\', encoding=encoding, errors=errors, newline=newline) as f:\n  File "/usr/lib/python3.10/pathlib.py", line 1119, in open\n    return self._accessor.open(self, mode, buffering, encoding, errors,\nPermissionError: [Errno 13] Permission denied: \'/home/adit22/1811/install/jetson_bringup/share/colcon-core/packages/jetson_bringup\'\n'}
[0.084934] (jetson_bringup) JobEnded: {'identifier': 'jetson_bringup', 'rc': 1}
[0.085803] (obc_bringup) JobStarted: {'identifier': 'obc_bringup'}
[0.099066] (obc_bringup) StderrLine: {'line': b'Traceback (most recent call last):\n  File "/usr/lib/python3/dist-packages/colcon_core/executor/__init__.py", line 91, in __call__\n    rc = await self.task(*args, **kwargs)\n  File "/usr/lib/python3/dist-packages/colcon_core/task/__init__.py", line 120, in __call__\n    return await task_method(*args, **kwargs)\n  File "/usr/lib/python3/dist-packages/colcon_ros/task/ament_cmake/build.py", line 84, in build\n    create_environment_scripts(\n  File "/usr/lib/python3/dist-packages/colcon_core/environment/__init__.py", line 91, in create_environment_scripts\n    create_file_with_runtime_dependencies(prefix_path, pkg))\n  File "/usr/lib/python3/dist-packages/colcon_core/environment/__init__.py", line 174, in create_file_with_runtime_dependencies\n    path.write_text(\n  File "/usr/lib/python3.10/pathlib.py", line 1154, in write_text\n    with self.open(mode=\'w\', encoding=encoding, errors=errors, newline=newline) as f:\n  File "/usr/lib/python3.10/pathlib.py", line 1119, in open\n    return self._accessor.open(self, mode, buffering, encoding, errors,\nPermissionError: [Errno 13] Permission denied: \'/home/adit22/1811/install/obc_bringup/share/colcon-core/packages/obc_bringup\'\n'}
[0.100223] (-) TimerEvent: {}
[0.100376] (obc_bringup) JobEnded: {'identifier': 'obc_bringup', 'rc': 1}
[0.110005] (camera_perception) JobSkipped: {'identifier': 'camera_perception'}
[0.110112] (lidar_perception) JobSkipped: {'identifier': 'lidar_perception'}
[0.110145] (sensor_fusion) JobSkipped: {'identifier': 'sensor_fusion'}
[0.110158] (teleop_bridge) JobSkipped: {'identifier': 'teleop_bridge'}
[0.110169] (-) EventReactorShutdown: {}
