running egg_info
creating ../../../build/camera_perception/camera_perception.egg-info
writing ../../../build/camera_perception/camera_perception.egg-info/PKG-INFO
writing dependency_links to ../../../build/camera_perception/camera_perception.egg-info/dependency_links.txt
writing entry points to ../../../build/camera_perception/camera_perception.egg-info/entry_points.txt
writing requirements to ../../../build/camera_perception/camera_perception.egg-info/requires.txt
writing top-level names to ../../../build/camera_perception/camera_perception.egg-info/top_level.txt
writing manifest file '../../../build/camera_perception/camera_perception.egg-info/SOURCES.txt'
reading manifest file '../../../build/camera_perception/camera_perception.egg-info/SOURCES.txt'
writing manifest file '../../../build/camera_perception/camera_perception.egg-info/SOURCES.txt'
running build
running build_py
creating /vehicle_1811/build/camera_perception/build
creating /vehicle_1811/build/camera_perception/build/lib
creating /vehicle_1811/build/camera_perception/build/lib/camera_perception
copying camera_perception/__init__.py -> /vehicle_1811/build/camera_perception/build/lib/camera_perception
running install
running install_lib
creating /vehicle_1811/install/camera_perception/lib/python3.10/site-packages/camera_perception
copying /vehicle_1811/build/camera_perception/build/lib/camera_perception/__init__.py -> /vehicle_1811/install/camera_perception/lib/python3.10/site-packages/camera_perception
byte-compiling /vehicle_1811/install/camera_perception/lib/python3.10/site-packages/camera_perception/__init__.py to __init__.cpython-310.pyc
running install_data
creating /vehicle_1811/install/camera_perception/share/ament_index
creating /vehicle_1811/install/camera_perception/share/ament_index/resource_index
creating /vehicle_1811/install/camera_perception/share/ament_index/resource_index/packages
copying resource/camera_perception -> /vehicle_1811/install/camera_perception/share/ament_index/resource_index/packages
copying package.xml -> /vehicle_1811/install/camera_perception/share/camera_perception
running install_egg_info
Copying ../../../build/camera_perception/camera_perception.egg-info to /vehicle_1811/install/camera_perception/lib/python3.10/site-packages/camera_perception-0.0.0-py3.10.egg-info
running install_scripts
writing list of installed files to '/vehicle_1811/build/camera_perception/install.log'
