[0.851s] Invoking command in '/vehicle_1811/ros2_ws/src/camera_perception': AMENT_PREFIX_PATH=/vehicle_1811/install/vehicle_msgs:${AMENT_PREFIX_PATH} CMAKE_PREFIX_PATH=/vehicle_1811/install/vehicle_msgs LD_LIBRARY_PATH=/vehicle_1811/install/vehicle_msgs/lib:${LD_LIBRARY_PATH} PYTHONPATH=/vehicle_1811/build/camera_perception/prefix_override:/usr/lib/python3/dist-packages/colcon_core/task/python/colcon_distutils_commands:/vehicle_1811/install/camera_perception/lib/python3.10/site-packages:/vehicle_1811/install/vehicle_msgs/local/lib/python3.10/dist-packages:${PYTHONPATH} /usr/bin/python3 -W ignore:setup.py install is deprecated -W ignore:easy_install command is deprecated setup.py egg_info --egg-base ../../../build/camera_perception build --build-base /vehicle_1811/build/camera_perception/build install --record /vehicle_1811/build/camera_perception/install.log --install-scripts $base/lib/camera_perception --single-version-externally-managed install_data
[1.026s] running egg_info
[1.027s] creating ../../../build/camera_perception/camera_perception.egg-info
[1.028s] writing ../../../build/camera_perception/camera_perception.egg-info/PKG-INFO
[1.028s] writing dependency_links to ../../../build/camera_perception/camera_perception.egg-info/dependency_links.txt
[1.029s] writing entry points to ../../../build/camera_perception/camera_perception.egg-info/entry_points.txt
[1.029s] writing requirements to ../../../build/camera_perception/camera_perception.egg-info/requires.txt
[1.029s] writing top-level names to ../../../build/camera_perception/camera_perception.egg-info/top_level.txt
[1.031s] writing manifest file '../../../build/camera_perception/camera_perception.egg-info/SOURCES.txt'
[1.031s] reading manifest file '../../../build/camera_perception/camera_perception.egg-info/SOURCES.txt'
[1.032s] writing manifest file '../../../build/camera_perception/camera_perception.egg-info/SOURCES.txt'
[1.033s] running build
[1.033s] running build_py
[1.033s] creating /vehicle_1811/build/camera_perception/build
[1.033s] creating /vehicle_1811/build/camera_perception/build/lib
[1.033s] creating /vehicle_1811/build/camera_perception/build/lib/camera_perception
[1.033s] copying camera_perception/__init__.py -> /vehicle_1811/build/camera_perception/build/lib/camera_perception
[1.033s] running install
[1.034s] running install_lib
[1.035s] creating /vehicle_1811/install/camera_perception/lib/python3.10/site-packages/camera_perception
[1.035s] copying /vehicle_1811/build/camera_perception/build/lib/camera_perception/__init__.py -> /vehicle_1811/install/camera_perception/lib/python3.10/site-packages/camera_perception
[1.038s] byte-compiling /vehicle_1811/install/camera_perception/lib/python3.10/site-packages/camera_perception/__init__.py to __init__.cpython-310.pyc
[1.038s] running install_data
[1.038s] creating /vehicle_1811/install/camera_perception/share/ament_index
[1.039s] creating /vehicle_1811/install/camera_perception/share/ament_index/resource_index
[1.039s] creating /vehicle_1811/install/camera_perception/share/ament_index/resource_index/packages
[1.039s] copying resource/camera_perception -> /vehicle_1811/install/camera_perception/share/ament_index/resource_index/packages
[1.039s] copying package.xml -> /vehicle_1811/install/camera_perception/share/camera_perception
[1.039s] running install_egg_info
[1.043s] Copying ../../../build/camera_perception/camera_perception.egg-info to /vehicle_1811/install/camera_perception/lib/python3.10/site-packages/camera_perception-0.0.0-py3.10.egg-info
[1.045s] running install_scripts
[1.067s] writing list of installed files to '/vehicle_1811/build/camera_perception/install.log'
[1.122s] Invoked command in '/vehicle_1811/ros2_ws/src/camera_perception' returned '0': AMENT_PREFIX_PATH=/vehicle_1811/install/vehicle_msgs:${AMENT_PREFIX_PATH} CMAKE_PREFIX_PATH=/vehicle_1811/install/vehicle_msgs LD_LIBRARY_PATH=/vehicle_1811/install/vehicle_msgs/lib:${LD_LIBRARY_PATH} PYTHONPATH=/vehicle_1811/build/camera_perception/prefix_override:/usr/lib/python3/dist-packages/colcon_core/task/python/colcon_distutils_commands:/vehicle_1811/install/camera_perception/lib/python3.10/site-packages:/vehicle_1811/install/vehicle_msgs/local/lib/python3.10/dist-packages:${PYTHONPATH} /usr/bin/python3 -W ignore:setup.py install is deprecated -W ignore:easy_install command is deprecated setup.py egg_info --egg-base ../../../build/camera_perception build --build-base /vehicle_1811/build/camera_perception/build install --record /vehicle_1811/build/camera_perception/install.log --install-scripts $base/lib/camera_perception --single-version-externally-managed install_data
