[0.019s] Invoking command in '/vehicle_1811/build/jetson_bringup': CMAKE_PREFIX_PATH=/opt/ros/humble /usr/bin/cmake /vehicle_1811/ros2_ws/src/jetson_bringup -DCMAKE_INSTALL_PREFIX=/vehicle_1811/install/jetson_bringup
[0.060s] -- The C compiler identification is GNU 11.4.0
[0.097s] -- The CXX compiler identification is GNU 11.4.0
[0.102s] -- Detecting C compiler ABI info
[0.150s] -- Detecting C compiler ABI info - done
[0.155s] -- Check for working C compiler: /usr/bin/cc - skipped
[0.156s] -- Detecting C compile features
[0.156s] -- Detecting C compile features - done
[0.157s] -- Detecting CXX compiler ABI info
[0.213s] -- Detecting CXX compiler ABI info - done
[0.219s] -- Check for working CXX compiler: /usr/bin/c++ - skipped
[0.219s] -- Detecting CXX compile features
[0.220s] -- Detecting CXX compile features - done
[0.221s] -- Found ament_cmake: 1.3.14 (/opt/ros/humble/share/ament_cmake/cmake)
[0.301s] -- Found Python3: /usr/bin/python3 (found version "3.10.12") found components: Interpreter 
[0.371s] -- Found ament_lint_auto: 0.12.15 (/opt/ros/humble/share/ament_lint_auto/cmake)
[0.447s] -- Added test 'lint_cmake' to check CMake code style
[0.447s] -- Added test 'xmllint' to check XML markup files
[0.449s] -- Configuring done
[0.452s] -- Generating done
[0.454s] -- Build files have been written to: /vehicle_1811/build/jetson_bringup
[0.461s] Invoked command in '/vehicle_1811/build/jetson_bringup' returned '0': CMAKE_PREFIX_PATH=/opt/ros/humble /usr/bin/cmake /vehicle_1811/ros2_ws/src/jetson_bringup -DCMAKE_INSTALL_PREFIX=/vehicle_1811/install/jetson_bringup
[0.462s] Invoking command in '/vehicle_1811/build/jetson_bringup': CMAKE_PREFIX_PATH=/opt/ros/humble /usr/bin/cmake --build /vehicle_1811/build/jetson_bringup -- -j24 -l24
[0.495s] Invoked command in '/vehicle_1811/build/jetson_bringup' returned '0': CMAKE_PREFIX_PATH=/opt/ros/humble /usr/bin/cmake --build /vehicle_1811/build/jetson_bringup -- -j24 -l24
[0.505s] Invoking command in '/vehicle_1811/build/jetson_bringup': CMAKE_PREFIX_PATH=/opt/ros/humble /usr/bin/cmake --install /vehicle_1811/build/jetson_bringup
[0.511s] -- Install configuration: ""
[0.512s] -- Installing: /vehicle_1811/install/jetson_bringup/share/ament_index/resource_index/package_run_dependencies/jetson_bringup
[0.512s] -- Installing: /vehicle_1811/install/jetson_bringup/share/ament_index/resource_index/parent_prefix_path/jetson_bringup
[0.512s] -- Installing: /vehicle_1811/install/jetson_bringup/share/jetson_bringup/environment/ament_prefix_path.sh
[0.513s] -- Installing: /vehicle_1811/install/jetson_bringup/share/jetson_bringup/environment/ament_prefix_path.dsv
[0.513s] -- Installing: /vehicle_1811/install/jetson_bringup/share/jetson_bringup/environment/path.sh
[0.513s] -- Installing: /vehicle_1811/install/jetson_bringup/share/jetson_bringup/environment/path.dsv
[0.513s] -- Installing: /vehicle_1811/install/jetson_bringup/share/jetson_bringup/local_setup.bash
[0.513s] -- Installing: /vehicle_1811/install/jetson_bringup/share/jetson_bringup/local_setup.sh
[0.514s] -- Installing: /vehicle_1811/install/jetson_bringup/share/jetson_bringup/local_setup.zsh
[0.515s] -- Installing: /vehicle_1811/install/jetson_bringup/share/jetson_bringup/local_setup.dsv
[0.517s] -- Installing: /vehicle_1811/install/jetson_bringup/share/jetson_bringup/package.dsv
[0.518s] -- Installing: /vehicle_1811/install/jetson_bringup/share/ament_index/resource_index/packages/jetson_bringup
[0.519s] -- Installing: /vehicle_1811/install/jetson_bringup/share/jetson_bringup/cmake/jetson_bringupConfig.cmake
[0.519s] -- Installing: /vehicle_1811/install/jetson_bringup/share/jetson_bringup/cmake/jetson_bringupConfig-version.cmake
[0.519s] -- Installing: /vehicle_1811/install/jetson_bringup/share/jetson_bringup/package.xml
[0.522s] Invoked command in '/vehicle_1811/build/jetson_bringup' returned '0': CMAKE_PREFIX_PATH=/opt/ros/humble /usr/bin/cmake --install /vehicle_1811/build/jetson_bringup
