-- The C compiler identification is GNU 11.4.0
-- The CXX compiler identification is GNU 11.4.0
-- Detecting C compiler ABI info
-- Detecting C compiler ABI info - done
-- Check for working C compiler: /usr/bin/cc - skipped
-- Detecting C compile features
-- Detecting C compile features - done
-- Detecting CXX compiler ABI info
-- Detecting CXX compiler ABI info - done
-- Check for working CXX compiler: /usr/bin/c++ - skipped
-- Detecting CXX compile features
-- Detecting CXX compile features - done
-- Found ament_cmake: 1.3.14 (/opt/ros/humble/share/ament_cmake/cmake)
-- Found Python3: /usr/bin/python3 (found version "3.10.12") found components: Interpreter 
-- Found std_msgs: 4.9.1 (/opt/ros/humble/share/std_msgs/cmake)
-- Found rosidl_generator_c: 3.1.8 (/opt/ros/humble/share/rosidl_generator_c/cmake)
-- Found rosidl_adapter: 3.1.8 (/opt/ros/humble/share/rosidl_adapter/cmake)
-- Found rosidl_generator_cpp: 3.1.8 (/opt/ros/humble/share/rosidl_generator_cpp/cmake)
-- Using all available rosidl_typesupport_c: rosidl_typesupport_fastrtps_c;rosidl_typesupport_introspection_c
-- Using all available rosidl_typesupport_cpp: rosidl_typesupport_fastrtps_cpp;rosidl_typesupport_introspection_cpp
-- Found geometry_msgs: 4.9.1 (/opt/ros/humble/share/geometry_msgs/cmake)
-- Found rosidl_default_generators: 1.2.1 (/opt/ros/humble/share/rosidl_default_generators/cmake)
-- Found ament_lint_auto: 0.12.15 (/opt/ros/humble/share/ament_lint_auto/cmake)
-- Found ament_cmake_ros: 0.10.0 (/opt/ros/humble/share/ament_cmake_ros/cmake)
-- Using all available rosidl_typesupport_c: rosidl_typesupport_fastrtps_c;rosidl_typesupport_introspection_c
-- Using all available rosidl_typesupport_cpp: rosidl_typesupport_fastrtps_cpp;rosidl_typesupport_introspection_cpp
-- Found PythonInterp: /usr/bin/python3 (found suitable version "3.10.12", minimum required is "3.6") 
-- Found python_cmake_module: 0.10.0 (/opt/ros/humble/share/python_cmake_module/cmake)
-- Found PythonLibs: /usr/lib/x86_64-linux-gnu/libpython3.10.so (found suitable version "3.10.12", minimum required is "3.5") 
-- Using PYTHON_EXECUTABLE: /usr/bin/python3
-- Using PYTHON_INCLUDE_DIRS: /usr/include/python3.10
-- Using PYTHON_LIBRARIES: /usr/lib/x86_64-linux-gnu/libpython3.10.so
-- Found PythonExtra: .so  
-- Added test 'lint_cmake' to check CMake code style
-- Added test 'xmllint' to check XML markup files
-- Configuring done
-- Generating done
-- Build files have been written to: /vehicle_1811/build/vehicle_msgs
[  1%] [34m[1mGenerating C code for ROS interfaces[0m
[  3%] [34m[1mGenerating C++ code for ROS interfaces[0m
[  5%] [34m[1mGenerating Rust code for ROS interfaces[0m
[  5%] Built target ament_cmake_python_copy_vehicle_msgs
running egg_info
creating vehicle_msgs.egg-info
writing vehicle_msgs.egg-info/PKG-INFO
writing dependency_links to vehicle_msgs.egg-info/dependency_links.txt
writing top-level names to vehicle_msgs.egg-info/top_level.txt
writing manifest file 'vehicle_msgs.egg-info/SOURCES.txt'
reading manifest file 'vehicle_msgs.egg-info/SOURCES.txt'
writing manifest file 'vehicle_msgs.egg-info/SOURCES.txt'
[  5%] Built target ament_cmake_python_build_vehicle_msgs_egg
[  5%] Built target vehicle_msgs__rs
[  5%] Built target vehicle_msgs__cpp
[  8%] [32mBuilding C object CMakeFiles/vehicle_msgs__rosidl_generator_c.dir/rosidl_generator_c/vehicle_msgs/msg/detail/vehicle_command__functions.c.o[0m
[  8%] [32mBuilding C object CMakeFiles/vehicle_msgs__rosidl_generator_c.dir/rosidl_generator_c/vehicle_msgs/msg/detail/vehicle_state__functions.c.o[0m
[ 10%] [32mBuilding C object CMakeFiles/vehicle_msgs__rosidl_generator_c.dir/rosidl_generator_c/vehicle_msgs/msg/detail/detection_array__functions.c.o[0m
[ 12%] [34m[1mGenerating C++ type support for eProsima Fast-RTPS[0m
[ 14%] [34m[1mGenerating C++ introspection for ROS interfaces[0m
[ 16%] [32mBuilding C object CMakeFiles/vehicle_msgs__rosidl_generator_c.dir/rosidl_generator_c/vehicle_msgs/msg/detail/detection__functions.c.o[0m
[ 17%] [34m[1mGenerating C++ type support dispatch for ROS interfaces[0m
[ 19%] [32m[1mLinking C shared library libvehicle_msgs__rosidl_generator_c.so[0m
[ 19%] Built target vehicle_msgs__rosidl_generator_c
[ 23%] [34m[1mGenerating C type support dispatch for ROS interfaces[0m
[ 23%] [34m[1mGenerating C type support for eProsima Fast-RTPS[0m
[ 25%] [34m[1mGenerating C introspection for ROS interfaces[0m
[ 26%] [32mBuilding CXX object CMakeFiles/vehicle_msgs__rosidl_typesupport_cpp.dir/rosidl_typesupport_cpp/vehicle_msgs/msg/vehicle_command__type_support.cpp.o[0m
[ 28%] [32mBuilding CXX object CMakeFiles/vehicle_msgs__rosidl_typesupport_cpp.dir/rosidl_typesupport_cpp/vehicle_msgs/msg/detection__type_support.cpp.o[0m
[ 30%] [32mBuilding CXX object CMakeFiles/vehicle_msgs__rosidl_typesupport_cpp.dir/rosidl_typesupport_cpp/vehicle_msgs/msg/vehicle_state__type_support.cpp.o[0m
[ 32%] [32mBuilding CXX object CMakeFiles/vehicle_msgs__rosidl_typesupport_cpp.dir/rosidl_typesupport_cpp/vehicle_msgs/msg/detection_array__type_support.cpp.o[0m
[ 33%] [32mBuilding CXX object CMakeFiles/vehicle_msgs__rosidl_typesupport_introspection_cpp.dir/rosidl_typesupport_introspection_cpp/vehicle_msgs/msg/detail/detection_array__type_support.cpp.o[0m
[ 35%] [32mBuilding CXX object CMakeFiles/vehicle_msgs__rosidl_typesupport_introspection_cpp.dir/rosidl_typesupport_introspection_cpp/vehicle_msgs/msg/detail/detection__type_support.cpp.o[0m
[ 37%] [32mBuilding CXX object CMakeFiles/vehicle_msgs__rosidl_typesupport_introspection_cpp.dir/rosidl_typesupport_introspection_cpp/vehicle_msgs/msg/detail/vehicle_state__type_support.cpp.o[0m
[ 39%] [32mBuilding CXX object CMakeFiles/vehicle_msgs__rosidl_typesupport_introspection_cpp.dir/rosidl_typesupport_introspection_cpp/vehicle_msgs/msg/detail/vehicle_command__type_support.cpp.o[0m
[ 41%] [32mBuilding CXX object CMakeFiles/vehicle_msgs__rosidl_typesupport_fastrtps_cpp.dir/rosidl_typesupport_fastrtps_cpp/vehicle_msgs/msg/detail/dds_fastrtps/detection_array__type_support.cpp.o[0m
[ 42%] [32mBuilding CXX object CMakeFiles/vehicle_msgs__rosidl_typesupport_fastrtps_cpp.dir/rosidl_typesupport_fastrtps_cpp/vehicle_msgs/msg/detail/dds_fastrtps/vehicle_command__type_support.cpp.o[0m
[ 44%] [32mBuilding CXX object CMakeFiles/vehicle_msgs__rosidl_typesupport_fastrtps_cpp.dir/rosidl_typesupport_fastrtps_cpp/vehicle_msgs/msg/detail/dds_fastrtps/detection__type_support.cpp.o[0m
[ 46%] [32mBuilding CXX object CMakeFiles/vehicle_msgs__rosidl_typesupport_fastrtps_cpp.dir/rosidl_typesupport_fastrtps_cpp/vehicle_msgs/msg/detail/dds_fastrtps/vehicle_state__type_support.cpp.o[0m
[ 48%] [32mBuilding CXX object CMakeFiles/vehicle_msgs__rosidl_typesupport_c.dir/rosidl_typesupport_c/vehicle_msgs/msg/detection__type_support.cpp.o[0m
[ 50%] [32mBuilding CXX object CMakeFiles/vehicle_msgs__rosidl_typesupport_c.dir/rosidl_typesupport_c/vehicle_msgs/msg/detection_array__type_support.cpp.o[0m
[ 51%] [32mBuilding CXX object CMakeFiles/vehicle_msgs__rosidl_typesupport_c.dir/rosidl_typesupport_c/vehicle_msgs/msg/vehicle_command__type_support.cpp.o[0m
[ 53%] [32mBuilding CXX object CMakeFiles/vehicle_msgs__rosidl_typesupport_c.dir/rosidl_typesupport_c/vehicle_msgs/msg/vehicle_state__type_support.cpp.o[0m
[ 55%] [32m[1mLinking CXX shared library libvehicle_msgs__rosidl_typesupport_c.so[0m
[ 57%] [32mBuilding CXX object CMakeFiles/vehicle_msgs__rosidl_typesupport_fastrtps_c.dir/rosidl_typesupport_fastrtps_c/vehicle_msgs/msg/detail/detection_array__type_support_c.cpp.o[0m
[ 60%] [32mBuilding CXX object CMakeFiles/vehicle_msgs__rosidl_typesupport_fastrtps_c.dir/rosidl_typesupport_fastrtps_c/vehicle_msgs/msg/detail/detection__type_support_c.cpp.o[0m
[ 60%] [32mBuilding CXX object CMakeFiles/vehicle_msgs__rosidl_typesupport_fastrtps_c.dir/rosidl_typesupport_fastrtps_c/vehicle_msgs/msg/detail/vehicle_command__type_support_c.cpp.o[0m
[ 62%] [32mBuilding CXX object CMakeFiles/vehicle_msgs__rosidl_typesupport_fastrtps_c.dir/rosidl_typesupport_fastrtps_c/vehicle_msgs/msg/detail/vehicle_state__type_support_c.cpp.o[0m
[ 64%] [32mBuilding C object CMakeFiles/vehicle_msgs__rosidl_typesupport_introspection_c.dir/rosidl_typesupport_introspection_c/vehicle_msgs/msg/detail/detection_array__type_support.c.o[0m
[ 66%] [32mBuilding C object CMakeFiles/vehicle_msgs__rosidl_typesupport_introspection_c.dir/rosidl_typesupport_introspection_c/vehicle_msgs/msg/detail/vehicle_state__type_support.c.o[0m
[ 67%] [32mBuilding C object CMakeFiles/vehicle_msgs__rosidl_typesupport_introspection_c.dir/rosidl_typesupport_introspection_c/vehicle_msgs/msg/detail/detection__type_support.c.o[0m
[ 69%] [32mBuilding C object CMakeFiles/vehicle_msgs__rosidl_typesupport_introspection_c.dir/rosidl_typesupport_introspection_c/vehicle_msgs/msg/detail/vehicle_command__type_support.c.o[0m
[ 71%] [32m[1mLinking C shared library libvehicle_msgs__rosidl_typesupport_introspection_c.so[0m
[ 71%] Built target vehicle_msgs__rosidl_typesupport_c
[ 71%] Built target vehicle_msgs__rosidl_typesupport_introspection_c
[ 73%] [32m[1mLinking CXX shared library libvehicle_msgs__rosidl_typesupport_cpp.so[0m
[ 73%] Built target vehicle_msgs__rosidl_typesupport_cpp
[ 76%] [32m[1mLinking CXX shared library libvehicle_msgs__rosidl_typesupport_introspection_cpp.so[0m
[ 76%] [32m[1mLinking CXX shared library libvehicle_msgs__rosidl_typesupport_fastrtps_c.so[0m
[ 78%] [32m[1mLinking CXX shared library libvehicle_msgs__rosidl_typesupport_fastrtps_cpp.so[0m
[ 78%] Built target vehicle_msgs__rosidl_typesupport_introspection_cpp
[ 78%] Built target vehicle_msgs__rosidl_typesupport_fastrtps_c
[ 78%] Built target vehicle_msgs__rosidl_typesupport_fastrtps_cpp
[ 78%] Built target vehicle_msgs
[ 80%] [34m[1mGenerating Python code for ROS interfaces[0m
[ 80%] Built target vehicle_msgs__py
[ 82%] [32mBuilding C object CMakeFiles/vehicle_msgs__rosidl_generator_py.dir/rosidl_generator_py/vehicle_msgs/msg/_vehicle_command_s.c.o[0m
[ 85%] [32mBuilding C object CMakeFiles/vehicle_msgs__rosidl_generator_py.dir/rosidl_generator_py/vehicle_msgs/msg/_detection_array_s.c.o[0m
[ 85%] [32mBuilding C object CMakeFiles/vehicle_msgs__rosidl_generator_py.dir/rosidl_generator_py/vehicle_msgs/msg/_detection_s.c.o[0m
[ 87%] [32mBuilding C object CMakeFiles/vehicle_msgs__rosidl_generator_py.dir/rosidl_generator_py/vehicle_msgs/msg/_vehicle_state_s.c.o[0m
[ 89%] [32m[1mLinking C shared library rosidl_generator_py/vehicle_msgs/libvehicle_msgs__rosidl_generator_py.so[0m
[ 89%] Built target vehicle_msgs__rosidl_generator_py
[ 94%] [32mBuilding C object CMakeFiles/vehicle_msgs__rosidl_typesupport_fastrtps_c__pyext.dir/rosidl_generator_py/vehicle_msgs/_vehicle_msgs_s.ep.rosidl_typesupport_fastrtps_c.c.o[0m
[ 94%] [32mBuilding C object CMakeFiles/vehicle_msgs__rosidl_typesupport_c__pyext.dir/rosidl_generator_py/vehicle_msgs/_vehicle_msgs_s.ep.rosidl_typesupport_c.c.o[0m
[ 94%] [32mBuilding C object CMakeFiles/vehicle_msgs__rosidl_typesupport_introspection_c__pyext.dir/rosidl_generator_py/vehicle_msgs/_vehicle_msgs_s.ep.rosidl_typesupport_introspection_c.c.o[0m
[ 98%] [32m[1mLinking C shared library rosidl_generator_py/vehicle_msgs/vehicle_msgs_s__rosidl_typesupport_fastrtps_c.cpython-310-x86_64-linux-gnu.so[0m
[ 98%] [32m[1mLinking C shared library rosidl_generator_py/vehicle_msgs/vehicle_msgs_s__rosidl_typesupport_c.cpython-310-x86_64-linux-gnu.so[0m
[100%] [32m[1mLinking C shared library rosidl_generator_py/vehicle_msgs/vehicle_msgs_s__rosidl_typesupport_introspection_c.cpython-310-x86_64-linux-gnu.so[0m
[100%] Built target vehicle_msgs__rosidl_typesupport_c__pyext
[100%] Built target vehicle_msgs__rosidl_typesupport_fastrtps_c__pyext
[100%] Built target vehicle_msgs__rosidl_typesupport_introspection_c__pyext
-- Install configuration: ""
-- Installing: /vehicle_1811/install/vehicle_msgs/share/ament_index/resource_index/rosidl_interfaces/vehicle_msgs
-- Installing: /vehicle_1811/install/vehicle_msgs/include/vehicle_msgs/vehicle_msgs
-- Installing: /vehicle_1811/install/vehicle_msgs/include/vehicle_msgs/vehicle_msgs/msg
-- Installing: /vehicle_1811/install/vehicle_msgs/include/vehicle_msgs/vehicle_msgs/msg/vehicle_state.h
-- Installing: /vehicle_1811/install/vehicle_msgs/include/vehicle_msgs/vehicle_msgs/msg/detail
-- Installing: /vehicle_1811/install/vehicle_msgs/include/vehicle_msgs/vehicle_msgs/msg/detail/vehicle_state__functions.c
-- Installing: /vehicle_1811/install/vehicle_msgs/include/vehicle_msgs/vehicle_msgs/msg/detail/detection_array__type_support.h
-- Installing: /vehicle_1811/install/vehicle_msgs/include/vehicle_msgs/vehicle_msgs/msg/detail/vehicle_command__functions.c
-- Installing: /vehicle_1811/install/vehicle_msgs/include/vehicle_msgs/vehicle_msgs/msg/detail/vehicle_state__type_support.h
-- Installing: /vehicle_1811/install/vehicle_msgs/include/vehicle_msgs/vehicle_msgs/msg/detail/vehicle_state__struct.h
-- Installing: /vehicle_1811/install/vehicle_msgs/include/vehicle_msgs/vehicle_msgs/msg/detail/vehicle_command__functions.h
-- Installing: /vehicle_1811/install/vehicle_msgs/include/vehicle_msgs/vehicle_msgs/msg/detail/detection_array__functions.h
-- Installing: /vehicle_1811/install/vehicle_msgs/include/vehicle_msgs/vehicle_msgs/msg/detail/detection__struct.h
-- Installing: /vehicle_1811/install/vehicle_msgs/include/vehicle_msgs/vehicle_msgs/msg/detail/vehicle_state__functions.h
-- Installing: /vehicle_1811/install/vehicle_msgs/include/vehicle_msgs/vehicle_msgs/msg/detail/detection__type_support.h
-- Installing: /vehicle_1811/install/vehicle_msgs/include/vehicle_msgs/vehicle_msgs/msg/detail/detection__functions.h
-- Installing: /vehicle_1811/install/vehicle_msgs/include/vehicle_msgs/vehicle_msgs/msg/detail/vehicle_command__struct.h
-- Installing: /vehicle_1811/install/vehicle_msgs/include/vehicle_msgs/vehicle_msgs/msg/detail/detection_array__struct.h
-- Installing: /vehicle_1811/install/vehicle_msgs/include/vehicle_msgs/vehicle_msgs/msg/detail/detection_array__functions.c
-- Installing: /vehicle_1811/install/vehicle_msgs/include/vehicle_msgs/vehicle_msgs/msg/detail/detection__functions.c
-- Installing: /vehicle_1811/install/vehicle_msgs/include/vehicle_msgs/vehicle_msgs/msg/detail/vehicle_command__type_support.h
-- Installing: /vehicle_1811/install/vehicle_msgs/include/vehicle_msgs/vehicle_msgs/msg/vehicle_command.h
-- Installing: /vehicle_1811/install/vehicle_msgs/include/vehicle_msgs/vehicle_msgs/msg/detection_array.h
-- Installing: /vehicle_1811/install/vehicle_msgs/include/vehicle_msgs/vehicle_msgs/msg/detection.h
-- Installing: /vehicle_1811/install/vehicle_msgs/include/vehicle_msgs/vehicle_msgs/msg/rosidl_generator_c__visibility_control.h
-- Installing: /vehicle_1811/install/vehicle_msgs/share/vehicle_msgs/environment/library_path.sh
-- Installing: /vehicle_1811/install/vehicle_msgs/share/vehicle_msgs/environment/library_path.dsv
-- Installing: /vehicle_1811/install/vehicle_msgs/lib/libvehicle_msgs__rosidl_generator_c.so
-- Set runtime path of "/vehicle_1811/install/vehicle_msgs/lib/libvehicle_msgs__rosidl_generator_c.so" to ""
-- Up-to-date: /vehicle_1811/install/vehicle_msgs/include/vehicle_msgs/vehicle_msgs
-- Up-to-date: /vehicle_1811/install/vehicle_msgs/include/vehicle_msgs/vehicle_msgs/msg
-- Installing: /vehicle_1811/install/vehicle_msgs/include/vehicle_msgs/vehicle_msgs/msg/rosidl_typesupport_fastrtps_c__visibility_control.h
-- Up-to-date: /vehicle_1811/install/vehicle_msgs/include/vehicle_msgs/vehicle_msgs/msg/detail
-- Installing: /vehicle_1811/install/vehicle_msgs/include/vehicle_msgs/vehicle_msgs/msg/detail/vehicle_command__rosidl_typesupport_fastrtps_c.h
-- Installing: /vehicle_1811/install/vehicle_msgs/include/vehicle_msgs/vehicle_msgs/msg/detail/detection_array__rosidl_typesupport_fastrtps_c.h
-- Installing: /vehicle_1811/install/vehicle_msgs/include/vehicle_msgs/vehicle_msgs/msg/detail/detection__rosidl_typesupport_fastrtps_c.h
-- Installing: /vehicle_1811/install/vehicle_msgs/include/vehicle_msgs/vehicle_msgs/msg/detail/vehicle_state__rosidl_typesupport_fastrtps_c.h
-- Installing: /vehicle_1811/install/vehicle_msgs/lib/libvehicle_msgs__rosidl_typesupport_fastrtps_c.so
-- Set runtime path of "/vehicle_1811/install/vehicle_msgs/lib/libvehicle_msgs__rosidl_typesupport_fastrtps_c.so" to ""
-- Up-to-date: /vehicle_1811/install/vehicle_msgs/include/vehicle_msgs/vehicle_msgs
-- Up-to-date: /vehicle_1811/install/vehicle_msgs/include/vehicle_msgs/vehicle_msgs/msg
-- Installing: /vehicle_1811/install/vehicle_msgs/include/vehicle_msgs/vehicle_msgs/msg/vehicle_state.hpp
-- Up-to-date: /vehicle_1811/install/vehicle_msgs/include/vehicle_msgs/vehicle_msgs/msg/detail
-- Installing: /vehicle_1811/install/vehicle_msgs/include/vehicle_msgs/vehicle_msgs/msg/detail/detection__type_support.hpp
-- Installing: /vehicle_1811/install/vehicle_msgs/include/vehicle_msgs/vehicle_msgs/msg/detail/detection__builder.hpp
-- Installing: /vehicle_1811/install/vehicle_msgs/include/vehicle_msgs/vehicle_msgs/msg/detail/detection_array__type_support.hpp
-- Installing: /vehicle_1811/install/vehicle_msgs/include/vehicle_msgs/vehicle_msgs/msg/detail/detection_array__builder.hpp
-- Installing: /vehicle_1811/install/vehicle_msgs/include/vehicle_msgs/vehicle_msgs/msg/detail/vehicle_state__traits.hpp
-- Installing: /vehicle_1811/install/vehicle_msgs/include/vehicle_msgs/vehicle_msgs/msg/detail/vehicle_state__builder.hpp
-- Installing: /vehicle_1811/install/vehicle_msgs/include/vehicle_msgs/vehicle_msgs/msg/detail/detection__traits.hpp
-- Installing: /vehicle_1811/install/vehicle_msgs/include/vehicle_msgs/vehicle_msgs/msg/detail/vehicle_command__type_support.hpp
-- Installing: /vehicle_1811/install/vehicle_msgs/include/vehicle_msgs/vehicle_msgs/msg/detail/detection_array__struct.hpp
-- Installing: /vehicle_1811/install/vehicle_msgs/include/vehicle_msgs/vehicle_msgs/msg/detail/vehicle_state__struct.hpp
-- Installing: /vehicle_1811/install/vehicle_msgs/include/vehicle_msgs/vehicle_msgs/msg/detail/vehicle_command__struct.hpp
-- Installing: /vehicle_1811/install/vehicle_msgs/include/vehicle_msgs/vehicle_msgs/msg/detail/detection_array__traits.hpp
-- Installing: /vehicle_1811/install/vehicle_msgs/include/vehicle_msgs/vehicle_msgs/msg/detail/vehicle_state__type_support.hpp
-- Installing: /vehicle_1811/install/vehicle_msgs/include/vehicle_msgs/vehicle_msgs/msg/detail/detection__struct.hpp
-- Installing: /vehicle_1811/install/vehicle_msgs/include/vehicle_msgs/vehicle_msgs/msg/detail/vehicle_command__builder.hpp
-- Installing: /vehicle_1811/install/vehicle_msgs/include/vehicle_msgs/vehicle_msgs/msg/detail/vehicle_command__traits.hpp
-- Installing: /vehicle_1811/install/vehicle_msgs/include/vehicle_msgs/vehicle_msgs/msg/vehicle_command.hpp
-- Installing: /vehicle_1811/install/vehicle_msgs/include/vehicle_msgs/vehicle_msgs/msg/detection.hpp
-- Installing: /vehicle_1811/install/vehicle_msgs/include/vehicle_msgs/vehicle_msgs/msg/rosidl_generator_cpp__visibility_control.hpp
-- Installing: /vehicle_1811/install/vehicle_msgs/include/vehicle_msgs/vehicle_msgs/msg/detection_array.hpp
-- Up-to-date: /vehicle_1811/install/vehicle_msgs/include/vehicle_msgs/vehicle_msgs
-- Up-to-date: /vehicle_1811/install/vehicle_msgs/include/vehicle_msgs/vehicle_msgs/msg
-- Up-to-date: /vehicle_1811/install/vehicle_msgs/include/vehicle_msgs/vehicle_msgs/msg/detail
-- Installing: /vehicle_1811/install/vehicle_msgs/include/vehicle_msgs/vehicle_msgs/msg/detail/vehicle_command__rosidl_typesupport_fastrtps_cpp.hpp
-- Installing: /vehicle_1811/install/vehicle_msgs/include/vehicle_msgs/vehicle_msgs/msg/detail/detection__rosidl_typesupport_fastrtps_cpp.hpp
-- Installing: /vehicle_1811/install/vehicle_msgs/include/vehicle_msgs/vehicle_msgs/msg/detail/vehicle_state__rosidl_typesupport_fastrtps_cpp.hpp
-- Installing: /vehicle_1811/install/vehicle_msgs/include/vehicle_msgs/vehicle_msgs/msg/detail/dds_fastrtps
-- Installing: /vehicle_1811/install/vehicle_msgs/include/vehicle_msgs/vehicle_msgs/msg/detail/detection_array__rosidl_typesupport_fastrtps_cpp.hpp
-- Installing: /vehicle_1811/install/vehicle_msgs/include/vehicle_msgs/vehicle_msgs/msg/rosidl_typesupport_fastrtps_cpp__visibility_control.h
-- Installing: /vehicle_1811/install/vehicle_msgs/lib/libvehicle_msgs__rosidl_typesupport_fastrtps_cpp.so
-- Set runtime path of "/vehicle_1811/install/vehicle_msgs/lib/libvehicle_msgs__rosidl_typesupport_fastrtps_cpp.so" to ""
-- Up-to-date: /vehicle_1811/install/vehicle_msgs/include/vehicle_msgs/vehicle_msgs
-- Up-to-date: /vehicle_1811/install/vehicle_msgs/include/vehicle_msgs/vehicle_msgs/msg
-- Installing: /vehicle_1811/install/vehicle_msgs/include/vehicle_msgs/vehicle_msgs/msg/rosidl_typesupport_introspection_c__visibility_control.h
-- Up-to-date: /vehicle_1811/install/vehicle_msgs/include/vehicle_msgs/vehicle_msgs/msg/detail
-- Installing: /vehicle_1811/install/vehicle_msgs/include/vehicle_msgs/vehicle_msgs/msg/detail/vehicle_state__rosidl_typesupport_introspection_c.h
-- Installing: /vehicle_1811/install/vehicle_msgs/include/vehicle_msgs/vehicle_msgs/msg/detail/detection_array__type_support.c
-- Installing: /vehicle_1811/install/vehicle_msgs/include/vehicle_msgs/vehicle_msgs/msg/detail/detection__type_support.c
-- Installing: /vehicle_1811/install/vehicle_msgs/include/vehicle_msgs/vehicle_msgs/msg/detail/vehicle_state__type_support.c
-- Installing: /vehicle_1811/install/vehicle_msgs/include/vehicle_msgs/vehicle_msgs/msg/detail/detection_array__rosidl_typesupport_introspection_c.h
-- Installing: /vehicle_1811/install/vehicle_msgs/include/vehicle_msgs/vehicle_msgs/msg/detail/vehicle_command__type_support.c
-- Installing: /vehicle_1811/install/vehicle_msgs/include/vehicle_msgs/vehicle_msgs/msg/detail/detection__rosidl_typesupport_introspection_c.h
-- Installing: /vehicle_1811/install/vehicle_msgs/include/vehicle_msgs/vehicle_msgs/msg/detail/vehicle_command__rosidl_typesupport_introspection_c.h
-- Installing: /vehicle_1811/install/vehicle_msgs/lib/libvehicle_msgs__rosidl_typesupport_introspection_c.so
-- Set runtime path of "/vehicle_1811/install/vehicle_msgs/lib/libvehicle_msgs__rosidl_typesupport_introspection_c.so" to ""
-- Installing: /vehicle_1811/install/vehicle_msgs/lib/libvehicle_msgs__rosidl_typesupport_c.so
-- Set runtime path of "/vehicle_1811/install/vehicle_msgs/lib/libvehicle_msgs__rosidl_typesupport_c.so" to ""
-- Up-to-date: /vehicle_1811/install/vehicle_msgs/include/vehicle_msgs/vehicle_msgs
-- Up-to-date: /vehicle_1811/install/vehicle_msgs/include/vehicle_msgs/vehicle_msgs/msg
-- Up-to-date: /vehicle_1811/install/vehicle_msgs/include/vehicle_msgs/vehicle_msgs/msg/detail
-- Installing: /vehicle_1811/install/vehicle_msgs/include/vehicle_msgs/vehicle_msgs/msg/detail/detection__rosidl_typesupport_introspection_cpp.hpp
-- Installing: /vehicle_1811/install/vehicle_msgs/include/vehicle_msgs/vehicle_msgs/msg/detail/vehicle_state__rosidl_typesupport_introspection_cpp.hpp
-- Installing: /vehicle_1811/install/vehicle_msgs/include/vehicle_msgs/vehicle_msgs/msg/detail/vehicle_command__rosidl_typesupport_introspection_cpp.hpp
-- Installing: /vehicle_1811/install/vehicle_msgs/include/vehicle_msgs/vehicle_msgs/msg/detail/detection_array__rosidl_typesupport_introspection_cpp.hpp
-- Installing: /vehicle_1811/install/vehicle_msgs/include/vehicle_msgs/vehicle_msgs/msg/detail/vehicle_command__type_support.cpp
-- Installing: /vehicle_1811/install/vehicle_msgs/include/vehicle_msgs/vehicle_msgs/msg/detail/detection__type_support.cpp
-- Installing: /vehicle_1811/install/vehicle_msgs/include/vehicle_msgs/vehicle_msgs/msg/detail/vehicle_state__type_support.cpp
-- Installing: /vehicle_1811/install/vehicle_msgs/include/vehicle_msgs/vehicle_msgs/msg/detail/detection_array__type_support.cpp
-- Installing: /vehicle_1811/install/vehicle_msgs/lib/libvehicle_msgs__rosidl_typesupport_introspection_cpp.so
-- Set runtime path of "/vehicle_1811/install/vehicle_msgs/lib/libvehicle_msgs__rosidl_typesupport_introspection_cpp.so" to ""
-- Installing: /vehicle_1811/install/vehicle_msgs/lib/libvehicle_msgs__rosidl_typesupport_cpp.so
-- Set runtime path of "/vehicle_1811/install/vehicle_msgs/lib/libvehicle_msgs__rosidl_typesupport_cpp.so" to ""
-- Installing: /vehicle_1811/install/vehicle_msgs/share/vehicle_msgs/environment/pythonpath.sh
-- Installing: /vehicle_1811/install/vehicle_msgs/share/vehicle_msgs/environment/pythonpath.dsv
-- Installing: /vehicle_1811/install/vehicle_msgs/local/lib/python3.10/dist-packages/vehicle_msgs-0.0.0-py3.10.egg-info
-- Installing: /vehicle_1811/install/vehicle_msgs/local/lib/python3.10/dist-packages/vehicle_msgs-0.0.0-py3.10.egg-info/top_level.txt
-- Installing: /vehicle_1811/install/vehicle_msgs/local/lib/python3.10/dist-packages/vehicle_msgs-0.0.0-py3.10.egg-info/PKG-INFO
-- Installing: /vehicle_1811/install/vehicle_msgs/local/lib/python3.10/dist-packages/vehicle_msgs-0.0.0-py3.10.egg-info/dependency_links.txt
-- Installing: /vehicle_1811/install/vehicle_msgs/local/lib/python3.10/dist-packages/vehicle_msgs-0.0.0-py3.10.egg-info/SOURCES.txt
-- Installing: /vehicle_1811/install/vehicle_msgs/local/lib/python3.10/dist-packages/vehicle_msgs
-- Installing: /vehicle_1811/install/vehicle_msgs/local/lib/python3.10/dist-packages/vehicle_msgs/msg
-- Installing: /vehicle_1811/install/vehicle_msgs/local/lib/python3.10/dist-packages/vehicle_msgs/msg/_detection.py
-- Installing: /vehicle_1811/install/vehicle_msgs/local/lib/python3.10/dist-packages/vehicle_msgs/msg/_detection_s.c
-- Installing: /vehicle_1811/install/vehicle_msgs/local/lib/python3.10/dist-packages/vehicle_msgs/msg/_detection_array_s.c
-- Installing: /vehicle_1811/install/vehicle_msgs/local/lib/python3.10/dist-packages/vehicle_msgs/msg/_detection_array.py
-- Installing: /vehicle_1811/install/vehicle_msgs/local/lib/python3.10/dist-packages/vehicle_msgs/msg/_vehicle_state_s.c
-- Installing: /vehicle_1811/install/vehicle_msgs/local/lib/python3.10/dist-packages/vehicle_msgs/msg/__init__.py
-- Installing: /vehicle_1811/install/vehicle_msgs/local/lib/python3.10/dist-packages/vehicle_msgs/msg/_vehicle_state.py
-- Installing: /vehicle_1811/install/vehicle_msgs/local/lib/python3.10/dist-packages/vehicle_msgs/msg/_vehicle_command_s.c
-- Installing: /vehicle_1811/install/vehicle_msgs/local/lib/python3.10/dist-packages/vehicle_msgs/msg/_vehicle_command.py
-- Installing: /vehicle_1811/install/vehicle_msgs/local/lib/python3.10/dist-packages/vehicle_msgs/vehicle_msgs_s__rosidl_typesupport_c.cpython-310-x86_64-linux-gnu.so
-- Installing: /vehicle_1811/install/vehicle_msgs/local/lib/python3.10/dist-packages/vehicle_msgs/_vehicle_msgs_s.ep.rosidl_typesupport_introspection_c.c
-- Installing: /vehicle_1811/install/vehicle_msgs/local/lib/python3.10/dist-packages/vehicle_msgs/_vehicle_msgs_s.ep.rosidl_typesupport_c.c
-- Installing: /vehicle_1811/install/vehicle_msgs/local/lib/python3.10/dist-packages/vehicle_msgs/vehicle_msgs_s__rosidl_typesupport_introspection_c.cpython-310-x86_64-linux-gnu.so
-- Installing: /vehicle_1811/install/vehicle_msgs/local/lib/python3.10/dist-packages/vehicle_msgs/_vehicle_msgs_s.ep.rosidl_typesupport_fastrtps_c.c
-- Installing: /vehicle_1811/install/vehicle_msgs/local/lib/python3.10/dist-packages/vehicle_msgs/libvehicle_msgs__rosidl_generator_py.so
-- Installing: /vehicle_1811/install/vehicle_msgs/local/lib/python3.10/dist-packages/vehicle_msgs/__init__.py
-- Installing: /vehicle_1811/install/vehicle_msgs/local/lib/python3.10/dist-packages/vehicle_msgs/vehicle_msgs_s__rosidl_typesupport_fastrtps_c.cpython-310-x86_64-linux-gnu.so
Listing '/vehicle_1811/install/vehicle_msgs/local/lib/python3.10/dist-packages/vehicle_msgs'...
Compiling '/vehicle_1811/install/vehicle_msgs/local/lib/python3.10/dist-packages/vehicle_msgs/__init__.py'...
Listing '/vehicle_1811/install/vehicle_msgs/local/lib/python3.10/dist-packages/vehicle_msgs/msg'...
Compiling '/vehicle_1811/install/vehicle_msgs/local/lib/python3.10/dist-packages/vehicle_msgs/msg/__init__.py'...
Compiling '/vehicle_1811/install/vehicle_msgs/local/lib/python3.10/dist-packages/vehicle_msgs/msg/_detection.py'...
Compiling '/vehicle_1811/install/vehicle_msgs/local/lib/python3.10/dist-packages/vehicle_msgs/msg/_detection_array.py'...
Compiling '/vehicle_1811/install/vehicle_msgs/local/lib/python3.10/dist-packages/vehicle_msgs/msg/_vehicle_command.py'...
Compiling '/vehicle_1811/install/vehicle_msgs/local/lib/python3.10/dist-packages/vehicle_msgs/msg/_vehicle_state.py'...
-- Installing: /vehicle_1811/install/vehicle_msgs/local/lib/python3.10/dist-packages/vehicle_msgs/vehicle_msgs_s__rosidl_typesupport_fastrtps_c.cpython-310-x86_64-linux-gnu.so
-- Set runtime path of "/vehicle_1811/install/vehicle_msgs/local/lib/python3.10/dist-packages/vehicle_msgs/vehicle_msgs_s__rosidl_typesupport_fastrtps_c.cpython-310-x86_64-linux-gnu.so" to ""
-- Installing: /vehicle_1811/install/vehicle_msgs/local/lib/python3.10/dist-packages/vehicle_msgs/vehicle_msgs_s__rosidl_typesupport_introspection_c.cpython-310-x86_64-linux-gnu.so
-- Set runtime path of "/vehicle_1811/install/vehicle_msgs/local/lib/python3.10/dist-packages/vehicle_msgs/vehicle_msgs_s__rosidl_typesupport_introspection_c.cpython-310-x86_64-linux-gnu.so" to ""
-- Installing: /vehicle_1811/install/vehicle_msgs/local/lib/python3.10/dist-packages/vehicle_msgs/vehicle_msgs_s__rosidl_typesupport_c.cpython-310-x86_64-linux-gnu.so
-- Set runtime path of "/vehicle_1811/install/vehicle_msgs/local/lib/python3.10/dist-packages/vehicle_msgs/vehicle_msgs_s__rosidl_typesupport_c.cpython-310-x86_64-linux-gnu.so" to ""
-- Installing: /vehicle_1811/install/vehicle_msgs/lib/libvehicle_msgs__rosidl_generator_py.so
-- Set runtime path of "/vehicle_1811/install/vehicle_msgs/lib/libvehicle_msgs__rosidl_generator_py.so" to ""
-- Installing: /vehicle_1811/install/vehicle_msgs/share/ament_index/resource_index/rust_packages/vehicle_msgs
-- Installing: /vehicle_1811/install/vehicle_msgs/share/vehicle_msgs/rust
-- Installing: /vehicle_1811/install/vehicle_msgs/share/vehicle_msgs/rust/src
-- Installing: /vehicle_1811/install/vehicle_msgs/share/vehicle_msgs/rust/src/msg
-- Installing: /vehicle_1811/install/vehicle_msgs/share/vehicle_msgs/rust/src/msg/rmw.rs
-- Installing: /vehicle_1811/install/vehicle_msgs/share/vehicle_msgs/rust/src/msg.rs
-- Installing: /vehicle_1811/install/vehicle_msgs/share/vehicle_msgs/rust/src/lib.rs
-- Installing: /vehicle_1811/install/vehicle_msgs/share/vehicle_msgs/rust/build.rs
-- Installing: /vehicle_1811/install/vehicle_msgs/share/vehicle_msgs/rust/Cargo.toml
-- Installing: /vehicle_1811/install/vehicle_msgs/share/vehicle_msgs/msg/VehicleCommand.idl
-- Installing: /vehicle_1811/install/vehicle_msgs/share/vehicle_msgs/msg/VehicleState.idl
-- Installing: /vehicle_1811/install/vehicle_msgs/share/vehicle_msgs/msg/Detection.idl
-- Installing: /vehicle_1811/install/vehicle_msgs/share/vehicle_msgs/msg/DetectionArray.idl
-- Installing: /vehicle_1811/install/vehicle_msgs/share/vehicle_msgs/msg/VehicleCommand.msg
-- Installing: /vehicle_1811/install/vehicle_msgs/share/vehicle_msgs/msg/VehicleState.msg
-- Installing: /vehicle_1811/install/vehicle_msgs/share/vehicle_msgs/msg/Detection.msg
-- Installing: /vehicle_1811/install/vehicle_msgs/share/vehicle_msgs/msg/DetectionArray.msg
-- Installing: /vehicle_1811/install/vehicle_msgs/share/ament_index/resource_index/package_run_dependencies/vehicle_msgs
-- Installing: /vehicle_1811/install/vehicle_msgs/share/ament_index/resource_index/parent_prefix_path/vehicle_msgs
-- Installing: /vehicle_1811/install/vehicle_msgs/share/vehicle_msgs/environment/ament_prefix_path.sh
-- Installing: /vehicle_1811/install/vehicle_msgs/share/vehicle_msgs/environment/ament_prefix_path.dsv
-- Installing: /vehicle_1811/install/vehicle_msgs/share/vehicle_msgs/environment/path.sh
-- Installing: /vehicle_1811/install/vehicle_msgs/share/vehicle_msgs/environment/path.dsv
-- Installing: /vehicle_1811/install/vehicle_msgs/share/vehicle_msgs/local_setup.bash
-- Installing: /vehicle_1811/install/vehicle_msgs/share/vehicle_msgs/local_setup.sh
-- Installing: /vehicle_1811/install/vehicle_msgs/share/vehicle_msgs/local_setup.zsh
-- Installing: /vehicle_1811/install/vehicle_msgs/share/vehicle_msgs/local_setup.dsv
-- Installing: /vehicle_1811/install/vehicle_msgs/share/vehicle_msgs/package.dsv
-- Installing: /vehicle_1811/install/vehicle_msgs/share/ament_index/resource_index/packages/vehicle_msgs
-- Installing: /vehicle_1811/install/vehicle_msgs/share/vehicle_msgs/cmake/export_vehicle_msgs__rosidl_generator_cExport.cmake
-- Installing: /vehicle_1811/install/vehicle_msgs/share/vehicle_msgs/cmake/export_vehicle_msgs__rosidl_generator_cExport-noconfig.cmake
-- Installing: /vehicle_1811/install/vehicle_msgs/share/vehicle_msgs/cmake/export_vehicle_msgs__rosidl_typesupport_fastrtps_cExport.cmake
-- Installing: /vehicle_1811/install/vehicle_msgs/share/vehicle_msgs/cmake/export_vehicle_msgs__rosidl_typesupport_fastrtps_cExport-noconfig.cmake
-- Installing: /vehicle_1811/install/vehicle_msgs/share/vehicle_msgs/cmake/export_vehicle_msgs__rosidl_generator_cppExport.cmake
-- Installing: /vehicle_1811/install/vehicle_msgs/share/vehicle_msgs/cmake/export_vehicle_msgs__rosidl_typesupport_fastrtps_cppExport.cmake
-- Installing: /vehicle_1811/install/vehicle_msgs/share/vehicle_msgs/cmake/export_vehicle_msgs__rosidl_typesupport_fastrtps_cppExport-noconfig.cmake
-- Installing: /vehicle_1811/install/vehicle_msgs/share/vehicle_msgs/cmake/vehicle_msgs__rosidl_typesupport_introspection_cExport.cmake
-- Installing: /vehicle_1811/install/vehicle_msgs/share/vehicle_msgs/cmake/vehicle_msgs__rosidl_typesupport_introspection_cExport-noconfig.cmake
-- Installing: /vehicle_1811/install/vehicle_msgs/share/vehicle_msgs/cmake/vehicle_msgs__rosidl_typesupport_cExport.cmake
-- Installing: /vehicle_1811/install/vehicle_msgs/share/vehicle_msgs/cmake/vehicle_msgs__rosidl_typesupport_cExport-noconfig.cmake
-- Installing: /vehicle_1811/install/vehicle_msgs/share/vehicle_msgs/cmake/vehicle_msgs__rosidl_typesupport_introspection_cppExport.cmake
-- Installing: /vehicle_1811/install/vehicle_msgs/share/vehicle_msgs/cmake/vehicle_msgs__rosidl_typesupport_introspection_cppExport-noconfig.cmake
-- Installing: /vehicle_1811/install/vehicle_msgs/share/vehicle_msgs/cmake/vehicle_msgs__rosidl_typesupport_cppExport.cmake
-- Installing: /vehicle_1811/install/vehicle_msgs/share/vehicle_msgs/cmake/vehicle_msgs__rosidl_typesupport_cppExport-noconfig.cmake
-- Installing: /vehicle_1811/install/vehicle_msgs/share/vehicle_msgs/cmake/export_vehicle_msgs__rosidl_generator_pyExport.cmake
-- Installing: /vehicle_1811/install/vehicle_msgs/share/vehicle_msgs/cmake/export_vehicle_msgs__rosidl_generator_pyExport-noconfig.cmake
-- Installing: /vehicle_1811/install/vehicle_msgs/share/vehicle_msgs/cmake/rosidl_cmake-extras.cmake
-- Installing: /vehicle_1811/install/vehicle_msgs/share/vehicle_msgs/cmake/ament_cmake_export_dependencies-extras.cmake
-- Installing: /vehicle_1811/install/vehicle_msgs/share/vehicle_msgs/cmake/ament_cmake_export_include_directories-extras.cmake
-- Installing: /vehicle_1811/install/vehicle_msgs/share/vehicle_msgs/cmake/ament_cmake_export_libraries-extras.cmake
-- Installing: /vehicle_1811/install/vehicle_msgs/share/vehicle_msgs/cmake/ament_cmake_export_targets-extras.cmake
-- Installing: /vehicle_1811/install/vehicle_msgs/share/vehicle_msgs/cmake/rosidl_cmake_export_typesupport_targets-extras.cmake
-- Installing: /vehicle_1811/install/vehicle_msgs/share/vehicle_msgs/cmake/rosidl_cmake_export_typesupport_libraries-extras.cmake
-- Installing: /vehicle_1811/install/vehicle_msgs/share/vehicle_msgs/cmake/vehicle_msgsConfig.cmake
-- Installing: /vehicle_1811/install/vehicle_msgs/share/vehicle_msgs/cmake/vehicle_msgsConfig-version.cmake
-- Installing: /vehicle_1811/install/vehicle_msgs/share/vehicle_msgs/package.xml
