[0.017s] Invoking command in '/vehicle_1811/build/vehicle_msgs': CMAKE_PREFIX_PATH=/opt/ros/humble /usr/bin/cmake /vehicle_1811/ros2_ws/src/vehicle_msgs -DCMAKE_INSTALL_PREFIX=/vehicle_1811/install/vehicle_msgs
[0.067s] -- The C compiler identification is GNU 11.4.0
[0.104s] -- The CXX compiler identification is GNU 11.4.0
[0.108s] -- Detecting C compiler ABI info
[0.156s] -- Detecting C compiler ABI info - done
[0.159s] -- Check for working C compiler: /usr/bin/cc - skipped
[0.161s] -- Detecting C compile features
[0.161s] -- Detecting C compile features - done
[0.162s] -- Detecting CXX compiler ABI info
[0.219s] -- Detecting CXX compiler ABI info - done
[0.222s] -- Check for working CXX compiler: /usr/bin/c++ - skipped
[0.223s] -- Detecting CXX compile features
[0.223s] -- Detecting CXX compile features - done
[0.225s] -- Found ament_cmake: 1.3.14 (/opt/ros/humble/share/ament_cmake/cmake)
[0.308s] -- Found Python3: /usr/bin/python3 (found version "3.10.12") found components: Interpreter 
[0.377s] -- Found std_msgs: 4.9.1 (/opt/ros/humble/share/std_msgs/cmake)
[0.404s] -- Found rosidl_generator_c: 3.1.8 (/opt/ros/humble/share/rosidl_generator_c/cmake)
[0.411s] -- Found rosidl_adapter: 3.1.8 (/opt/ros/humble/share/rosidl_adapter/cmake)
[0.418s] -- Found rosidl_generator_cpp: 3.1.8 (/opt/ros/humble/share/rosidl_generator_cpp/cmake)
[0.427s] -- Using all available rosidl_typesupport_c: rosidl_typesupport_fastrtps_c;rosidl_typesupport_introspection_c
[0.440s] -- Using all available rosidl_typesupport_cpp: rosidl_typesupport_fastrtps_cpp;rosidl_typesupport_introspection_cpp
[0.454s] -- Found geometry_msgs: 4.9.1 (/opt/ros/humble/share/geometry_msgs/cmake)
[0.465s] -- Found rosidl_default_generators: 1.2.1 (/opt/ros/humble/share/rosidl_default_generators/cmake)
[0.473s] -- Found ament_lint_auto: 0.12.15 (/opt/ros/humble/share/ament_lint_auto/cmake)
[0.659s] -- Found ament_cmake_ros: 0.10.0 (/opt/ros/humble/share/ament_cmake_ros/cmake)
[0.890s] -- Using all available rosidl_typesupport_c: rosidl_typesupport_fastrtps_c;rosidl_typesupport_introspection_c
[0.985s] -- Using all available rosidl_typesupport_cpp: rosidl_typesupport_fastrtps_cpp;rosidl_typesupport_introspection_cpp
[0.996s] -- Found PythonInterp: /usr/bin/python3 (found suitable version "3.10.12", minimum required is "3.6") 
[0.997s] -- Found python_cmake_module: 0.10.0 (/opt/ros/humble/share/python_cmake_module/cmake)
[1.012s] -- Found PythonLibs: /usr/lib/x86_64-linux-gnu/libpython3.10.so (found suitable version "3.10.12", minimum required is "3.5") 
[1.012s] -- Using PYTHON_EXECUTABLE: /usr/bin/python3
[1.012s] -- Using PYTHON_INCLUDE_DIRS: /usr/include/python3.10
[1.012s] -- Using PYTHON_LIBRARIES: /usr/lib/x86_64-linux-gnu/libpython3.10.so
[1.023s] -- Found PythonExtra: .so  
[1.106s] -- Added test 'lint_cmake' to check CMake code style
[1.107s] -- Added test 'xmllint' to check XML markup files
[1.113s] -- Configuring done
[1.157s] -- Generating done
[1.169s] -- Build files have been written to: /vehicle_1811/build/vehicle_msgs
[1.180s] Invoked command in '/vehicle_1811/build/vehicle_msgs' returned '0': CMAKE_PREFIX_PATH=/opt/ros/humble /usr/bin/cmake /vehicle_1811/ros2_ws/src/vehicle_msgs -DCMAKE_INSTALL_PREFIX=/vehicle_1811/install/vehicle_msgs
[1.182s] Invoking command in '/vehicle_1811/build/vehicle_msgs': CMAKE_PREFIX_PATH=/opt/ros/humble /usr/bin/cmake --build /vehicle_1811/build/vehicle_msgs -- -j24 -l24
[1.213s] [  1%] [34m[1mGenerating C code for ROS interfaces[0m
[1.223s] [  3%] [34m[1mGenerating C++ code for ROS interfaces[0m
[1.224s] [  5%] [34m[1mGenerating Rust code for ROS interfaces[0m
[1.234s] [  5%] Built target ament_cmake_python_copy_vehicle_msgs
[1.420s] running egg_info
[1.421s] creating vehicle_msgs.egg-info
[1.421s] writing vehicle_msgs.egg-info/PKG-INFO
[1.422s] writing dependency_links to vehicle_msgs.egg-info/dependency_links.txt
[1.423s] writing top-level names to vehicle_msgs.egg-info/top_level.txt
[1.423s] writing manifest file 'vehicle_msgs.egg-info/SOURCES.txt'
[1.424s] reading manifest file 'vehicle_msgs.egg-info/SOURCES.txt'
[1.426s] writing manifest file 'vehicle_msgs.egg-info/SOURCES.txt'
[1.460s] [  5%] Built target ament_cmake_python_build_vehicle_msgs_egg
[1.482s] [  5%] Built target vehicle_msgs__rs
[1.586s] [  5%] Built target vehicle_msgs__cpp
[1.593s] [  8%] [32mBuilding C object CMakeFiles/vehicle_msgs__rosidl_generator_c.dir/rosidl_generator_c/vehicle_msgs/msg/detail/vehicle_command__functions.c.o[0m
[1.593s] [  8%] [32mBuilding C object CMakeFiles/vehicle_msgs__rosidl_generator_c.dir/rosidl_generator_c/vehicle_msgs/msg/detail/vehicle_state__functions.c.o[0m
[1.595s] [ 10%] [32mBuilding C object CMakeFiles/vehicle_msgs__rosidl_generator_c.dir/rosidl_generator_c/vehicle_msgs/msg/detail/detection_array__functions.c.o[0m
[1.595s] [ 12%] [34m[1mGenerating C++ type support for eProsima Fast-RTPS[0m
[1.595s] [ 14%] [34m[1mGenerating C++ introspection for ROS interfaces[0m
[1.599s] [ 16%] [32mBuilding C object CMakeFiles/vehicle_msgs__rosidl_generator_c.dir/rosidl_generator_c/vehicle_msgs/msg/detail/detection__functions.c.o[0m
[1.601s] [ 17%] [34m[1mGenerating C++ type support dispatch for ROS interfaces[0m
[1.665s] [ 19%] [32m[1mLinking C shared library libvehicle_msgs__rosidl_generator_c.so[0m
[1.700s] [ 19%] Built target vehicle_msgs__rosidl_generator_c
[1.710s] [ 23%] [34m[1mGenerating C type support dispatch for ROS interfaces[0m
[1.710s] [ 23%] [34m[1mGenerating C type support for eProsima Fast-RTPS[0m
[1.723s] [ 25%] [34m[1mGenerating C introspection for ROS interfaces[0m
[1.879s] [ 26%] [32mBuilding CXX object CMakeFiles/vehicle_msgs__rosidl_typesupport_cpp.dir/rosidl_typesupport_cpp/vehicle_msgs/msg/vehicle_command__type_support.cpp.o[0m
[1.884s] [ 28%] [32mBuilding CXX object CMakeFiles/vehicle_msgs__rosidl_typesupport_cpp.dir/rosidl_typesupport_cpp/vehicle_msgs/msg/detection__type_support.cpp.o[0m
[1.887s] [ 30%] [32mBuilding CXX object CMakeFiles/vehicle_msgs__rosidl_typesupport_cpp.dir/rosidl_typesupport_cpp/vehicle_msgs/msg/vehicle_state__type_support.cpp.o[0m
[1.888s] [ 32%] [32mBuilding CXX object CMakeFiles/vehicle_msgs__rosidl_typesupport_cpp.dir/rosidl_typesupport_cpp/vehicle_msgs/msg/detection_array__type_support.cpp.o[0m
[1.912s] [ 33%] [32mBuilding CXX object CMakeFiles/vehicle_msgs__rosidl_typesupport_introspection_cpp.dir/rosidl_typesupport_introspection_cpp/vehicle_msgs/msg/detail/detection_array__type_support.cpp.o[0m
[1.914s] [ 35%] [32mBuilding CXX object CMakeFiles/vehicle_msgs__rosidl_typesupport_introspection_cpp.dir/rosidl_typesupport_introspection_cpp/vehicle_msgs/msg/detail/detection__type_support.cpp.o[0m
[1.914s] [ 37%] [32mBuilding CXX object CMakeFiles/vehicle_msgs__rosidl_typesupport_introspection_cpp.dir/rosidl_typesupport_introspection_cpp/vehicle_msgs/msg/detail/vehicle_state__type_support.cpp.o[0m
[1.923s] [ 39%] [32mBuilding CXX object CMakeFiles/vehicle_msgs__rosidl_typesupport_introspection_cpp.dir/rosidl_typesupport_introspection_cpp/vehicle_msgs/msg/detail/vehicle_command__type_support.cpp.o[0m
[1.939s] [ 41%] [32mBuilding CXX object CMakeFiles/vehicle_msgs__rosidl_typesupport_fastrtps_cpp.dir/rosidl_typesupport_fastrtps_cpp/vehicle_msgs/msg/detail/dds_fastrtps/detection_array__type_support.cpp.o[0m
[1.941s] [ 42%] [32mBuilding CXX object CMakeFiles/vehicle_msgs__rosidl_typesupport_fastrtps_cpp.dir/rosidl_typesupport_fastrtps_cpp/vehicle_msgs/msg/detail/dds_fastrtps/vehicle_command__type_support.cpp.o[0m
[1.945s] [ 44%] [32mBuilding CXX object CMakeFiles/vehicle_msgs__rosidl_typesupport_fastrtps_cpp.dir/rosidl_typesupport_fastrtps_cpp/vehicle_msgs/msg/detail/dds_fastrtps/detection__type_support.cpp.o[0m
[1.956s] [ 46%] [32mBuilding CXX object CMakeFiles/vehicle_msgs__rosidl_typesupport_fastrtps_cpp.dir/rosidl_typesupport_fastrtps_cpp/vehicle_msgs/msg/detail/dds_fastrtps/vehicle_state__type_support.cpp.o[0m
[2.064s] [ 48%] [32mBuilding CXX object CMakeFiles/vehicle_msgs__rosidl_typesupport_c.dir/rosidl_typesupport_c/vehicle_msgs/msg/detection__type_support.cpp.o[0m
[2.067s] [ 50%] [32mBuilding CXX object CMakeFiles/vehicle_msgs__rosidl_typesupport_c.dir/rosidl_typesupport_c/vehicle_msgs/msg/detection_array__type_support.cpp.o[0m
[2.067s] [ 51%] [32mBuilding CXX object CMakeFiles/vehicle_msgs__rosidl_typesupport_c.dir/rosidl_typesupport_c/vehicle_msgs/msg/vehicle_command__type_support.cpp.o[0m
[2.072s] [ 53%] [32mBuilding CXX object CMakeFiles/vehicle_msgs__rosidl_typesupport_c.dir/rosidl_typesupport_c/vehicle_msgs/msg/vehicle_state__type_support.cpp.o[0m
[2.140s] [ 55%] [32m[1mLinking CXX shared library libvehicle_msgs__rosidl_typesupport_c.so[0m
[2.142s] [ 57%] [32mBuilding CXX object CMakeFiles/vehicle_msgs__rosidl_typesupport_fastrtps_c.dir/rosidl_typesupport_fastrtps_c/vehicle_msgs/msg/detail/detection_array__type_support_c.cpp.o[0m
[2.143s] [ 60%] [32mBuilding CXX object CMakeFiles/vehicle_msgs__rosidl_typesupport_fastrtps_c.dir/rosidl_typesupport_fastrtps_c/vehicle_msgs/msg/detail/detection__type_support_c.cpp.o[0m
[2.143s] [ 60%] [32mBuilding CXX object CMakeFiles/vehicle_msgs__rosidl_typesupport_fastrtps_c.dir/rosidl_typesupport_fastrtps_c/vehicle_msgs/msg/detail/vehicle_command__type_support_c.cpp.o[0m
[2.150s] [ 62%] [32mBuilding CXX object CMakeFiles/vehicle_msgs__rosidl_typesupport_fastrtps_c.dir/rosidl_typesupport_fastrtps_c/vehicle_msgs/msg/detail/vehicle_state__type_support_c.cpp.o[0m
[2.151s] [ 64%] [32mBuilding C object CMakeFiles/vehicle_msgs__rosidl_typesupport_introspection_c.dir/rosidl_typesupport_introspection_c/vehicle_msgs/msg/detail/detection_array__type_support.c.o[0m
[2.152s] [ 66%] [32mBuilding C object CMakeFiles/vehicle_msgs__rosidl_typesupport_introspection_c.dir/rosidl_typesupport_introspection_c/vehicle_msgs/msg/detail/vehicle_state__type_support.c.o[0m
[2.159s] [ 67%] [32mBuilding C object CMakeFiles/vehicle_msgs__rosidl_typesupport_introspection_c.dir/rosidl_typesupport_introspection_c/vehicle_msgs/msg/detail/detection__type_support.c.o[0m
[2.160s] [ 69%] [32mBuilding C object CMakeFiles/vehicle_msgs__rosidl_typesupport_introspection_c.dir/rosidl_typesupport_introspection_c/vehicle_msgs/msg/detail/vehicle_command__type_support.c.o[0m
[2.242s] [ 71%] [32m[1mLinking C shared library libvehicle_msgs__rosidl_typesupport_introspection_c.so[0m
[2.245s] [ 71%] Built target vehicle_msgs__rosidl_typesupport_c
[2.312s] [ 71%] Built target vehicle_msgs__rosidl_typesupport_introspection_c
[2.497s] [ 73%] [32m[1mLinking CXX shared library libvehicle_msgs__rosidl_typesupport_cpp.so[0m
[2.565s] [ 73%] Built target vehicle_msgs__rosidl_typesupport_cpp
[2.626s] [ 76%] [32m[1mLinking CXX shared library libvehicle_msgs__rosidl_typesupport_introspection_cpp.so[0m
[2.626s] [ 76%] [32m[1mLinking CXX shared library libvehicle_msgs__rosidl_typesupport_fastrtps_c.so[0m
[2.645s] [ 78%] [32m[1mLinking CXX shared library libvehicle_msgs__rosidl_typesupport_fastrtps_cpp.so[0m
[2.686s] [ 78%] Built target vehicle_msgs__rosidl_typesupport_introspection_cpp
[2.688s] [ 78%] Built target vehicle_msgs__rosidl_typesupport_fastrtps_c
[2.706s] [ 78%] Built target vehicle_msgs__rosidl_typesupport_fastrtps_cpp
[2.722s] [ 78%] Built target vehicle_msgs
[2.740s] [ 80%] [34m[1mGenerating Python code for ROS interfaces[0m
[3.068s] [ 80%] Built target vehicle_msgs__py
[3.085s] [ 82%] [32mBuilding C object CMakeFiles/vehicle_msgs__rosidl_generator_py.dir/rosidl_generator_py/vehicle_msgs/msg/_vehicle_command_s.c.o[0m
[3.086s] [ 85%] [32mBuilding C object CMakeFiles/vehicle_msgs__rosidl_generator_py.dir/rosidl_generator_py/vehicle_msgs/msg/_detection_array_s.c.o[0m
[3.086s] [ 85%] [32mBuilding C object CMakeFiles/vehicle_msgs__rosidl_generator_py.dir/rosidl_generator_py/vehicle_msgs/msg/_detection_s.c.o[0m
[3.087s] [ 87%] [32mBuilding C object CMakeFiles/vehicle_msgs__rosidl_generator_py.dir/rosidl_generator_py/vehicle_msgs/msg/_vehicle_state_s.c.o[0m
[3.169s] [ 89%] [32m[1mLinking C shared library rosidl_generator_py/vehicle_msgs/libvehicle_msgs__rosidl_generator_py.so[0m
[3.204s] [ 89%] Built target vehicle_msgs__rosidl_generator_py
[3.222s] [ 94%] [32mBuilding C object CMakeFiles/vehicle_msgs__rosidl_typesupport_fastrtps_c__pyext.dir/rosidl_generator_py/vehicle_msgs/_vehicle_msgs_s.ep.rosidl_typesupport_fastrtps_c.c.o[0m
[3.223s] [ 94%] [32mBuilding C object CMakeFiles/vehicle_msgs__rosidl_typesupport_c__pyext.dir/rosidl_generator_py/vehicle_msgs/_vehicle_msgs_s.ep.rosidl_typesupport_c.c.o[0m
[3.223s] [ 94%] [32mBuilding C object CMakeFiles/vehicle_msgs__rosidl_typesupport_introspection_c__pyext.dir/rosidl_generator_py/vehicle_msgs/_vehicle_msgs_s.ep.rosidl_typesupport_introspection_c.c.o[0m
[3.299s] [ 98%] [32m[1mLinking C shared library rosidl_generator_py/vehicle_msgs/vehicle_msgs_s__rosidl_typesupport_fastrtps_c.cpython-310-x86_64-linux-gnu.so[0m
[3.299s] [ 98%] [32m[1mLinking C shared library rosidl_generator_py/vehicle_msgs/vehicle_msgs_s__rosidl_typesupport_c.cpython-310-x86_64-linux-gnu.so[0m
[3.302s] [100%] [32m[1mLinking C shared library rosidl_generator_py/vehicle_msgs/vehicle_msgs_s__rosidl_typesupport_introspection_c.cpython-310-x86_64-linux-gnu.so[0m
[3.329s] [100%] Built target vehicle_msgs__rosidl_typesupport_c__pyext
[3.330s] [100%] Built target vehicle_msgs__rosidl_typesupport_fastrtps_c__pyext
[3.333s] [100%] Built target vehicle_msgs__rosidl_typesupport_introspection_c__pyext
[3.344s] Invoked command in '/vehicle_1811/build/vehicle_msgs' returned '0': CMAKE_PREFIX_PATH=/opt/ros/humble /usr/bin/cmake --build /vehicle_1811/build/vehicle_msgs -- -j24 -l24
[3.346s] Invoking command in '/vehicle_1811/build/vehicle_msgs': CMAKE_PREFIX_PATH=/opt/ros/humble /usr/bin/cmake --install /vehicle_1811/build/vehicle_msgs
[3.352s] -- Install configuration: ""
[3.354s] -- Installing: /vehicle_1811/install/vehicle_msgs/share/ament_index/resource_index/rosidl_interfaces/vehicle_msgs
[3.355s] -- Installing: /vehicle_1811/install/vehicle_msgs/include/vehicle_msgs/vehicle_msgs
[3.355s] -- Installing: /vehicle_1811/install/vehicle_msgs/include/vehicle_msgs/vehicle_msgs/msg
[3.356s] -- Installing: /vehicle_1811/install/vehicle_msgs/include/vehicle_msgs/vehicle_msgs/msg/vehicle_state.h
[3.356s] -- Installing: /vehicle_1811/install/vehicle_msgs/include/vehicle_msgs/vehicle_msgs/msg/detail
[3.357s] -- Installing: /vehicle_1811/install/vehicle_msgs/include/vehicle_msgs/vehicle_msgs/msg/detail/vehicle_state__functions.c
[3.357s] -- Installing: /vehicle_1811/install/vehicle_msgs/include/vehicle_msgs/vehicle_msgs/msg/detail/detection_array__type_support.h
[3.357s] -- Installing: /vehicle_1811/install/vehicle_msgs/include/vehicle_msgs/vehicle_msgs/msg/detail/vehicle_command__functions.c
[3.358s] -- Installing: /vehicle_1811/install/vehicle_msgs/include/vehicle_msgs/vehicle_msgs/msg/detail/vehicle_state__type_support.h
[3.358s] -- Installing: /vehicle_1811/install/vehicle_msgs/include/vehicle_msgs/vehicle_msgs/msg/detail/vehicle_state__struct.h
[3.358s] -- Installing: /vehicle_1811/install/vehicle_msgs/include/vehicle_msgs/vehicle_msgs/msg/detail/vehicle_command__functions.h
[3.358s] -- Installing: /vehicle_1811/install/vehicle_msgs/include/vehicle_msgs/vehicle_msgs/msg/detail/detection_array__functions.h
[3.358s] -- Installing: /vehicle_1811/install/vehicle_msgs/include/vehicle_msgs/vehicle_msgs/msg/detail/detection__struct.h
[3.358s] -- Installing: /vehicle_1811/install/vehicle_msgs/include/vehicle_msgs/vehicle_msgs/msg/detail/vehicle_state__functions.h
[3.359s] -- Installing: /vehicle_1811/install/vehicle_msgs/include/vehicle_msgs/vehicle_msgs/msg/detail/detection__type_support.h
[3.359s] -- Installing: /vehicle_1811/install/vehicle_msgs/include/vehicle_msgs/vehicle_msgs/msg/detail/detection__functions.h
[3.359s] -- Installing: /vehicle_1811/install/vehicle_msgs/include/vehicle_msgs/vehicle_msgs/msg/detail/vehicle_command__struct.h
[3.359s] -- Installing: /vehicle_1811/install/vehicle_msgs/include/vehicle_msgs/vehicle_msgs/msg/detail/detection_array__struct.h
[3.359s] -- Installing: /vehicle_1811/install/vehicle_msgs/include/vehicle_msgs/vehicle_msgs/msg/detail/detection_array__functions.c
[3.359s] -- Installing: /vehicle_1811/install/vehicle_msgs/include/vehicle_msgs/vehicle_msgs/msg/detail/detection__functions.c
[3.359s] -- Installing: /vehicle_1811/install/vehicle_msgs/include/vehicle_msgs/vehicle_msgs/msg/detail/vehicle_command__type_support.h
[3.359s] -- Installing: /vehicle_1811/install/vehicle_msgs/include/vehicle_msgs/vehicle_msgs/msg/vehicle_command.h
[3.359s] -- Installing: /vehicle_1811/install/vehicle_msgs/include/vehicle_msgs/vehicle_msgs/msg/detection_array.h
[3.359s] -- Installing: /vehicle_1811/install/vehicle_msgs/include/vehicle_msgs/vehicle_msgs/msg/detection.h
[3.359s] -- Installing: /vehicle_1811/install/vehicle_msgs/include/vehicle_msgs/vehicle_msgs/msg/rosidl_generator_c__visibility_control.h
[3.359s] -- Installing: /vehicle_1811/install/vehicle_msgs/share/vehicle_msgs/environment/library_path.sh
[3.360s] -- Installing: /vehicle_1811/install/vehicle_msgs/share/vehicle_msgs/environment/library_path.dsv
[3.360s] -- Installing: /vehicle_1811/install/vehicle_msgs/lib/libvehicle_msgs__rosidl_generator_c.so
[3.360s] -- Set runtime path of "/vehicle_1811/install/vehicle_msgs/lib/libvehicle_msgs__rosidl_generator_c.so" to ""
[3.360s] -- Up-to-date: /vehicle_1811/install/vehicle_msgs/include/vehicle_msgs/vehicle_msgs
[3.361s] -- Up-to-date: /vehicle_1811/install/vehicle_msgs/include/vehicle_msgs/vehicle_msgs/msg
[3.361s] -- Installing: /vehicle_1811/install/vehicle_msgs/include/vehicle_msgs/vehicle_msgs/msg/rosidl_typesupport_fastrtps_c__visibility_control.h
[3.361s] -- Up-to-date: /vehicle_1811/install/vehicle_msgs/include/vehicle_msgs/vehicle_msgs/msg/detail
[3.361s] -- Installing: /vehicle_1811/install/vehicle_msgs/include/vehicle_msgs/vehicle_msgs/msg/detail/vehicle_command__rosidl_typesupport_fastrtps_c.h
[3.361s] -- Installing: /vehicle_1811/install/vehicle_msgs/include/vehicle_msgs/vehicle_msgs/msg/detail/detection_array__rosidl_typesupport_fastrtps_c.h
[3.361s] -- Installing: /vehicle_1811/install/vehicle_msgs/include/vehicle_msgs/vehicle_msgs/msg/detail/detection__rosidl_typesupport_fastrtps_c.h
[3.361s] -- Installing: /vehicle_1811/install/vehicle_msgs/include/vehicle_msgs/vehicle_msgs/msg/detail/vehicle_state__rosidl_typesupport_fastrtps_c.h
[3.361s] -- Installing: /vehicle_1811/install/vehicle_msgs/lib/libvehicle_msgs__rosidl_typesupport_fastrtps_c.so
[3.362s] -- Set runtime path of "/vehicle_1811/install/vehicle_msgs/lib/libvehicle_msgs__rosidl_typesupport_fastrtps_c.so" to ""
[3.362s] -- Up-to-date: /vehicle_1811/install/vehicle_msgs/include/vehicle_msgs/vehicle_msgs
[3.362s] -- Up-to-date: /vehicle_1811/install/vehicle_msgs/include/vehicle_msgs/vehicle_msgs/msg
[3.363s] -- Installing: /vehicle_1811/install/vehicle_msgs/include/vehicle_msgs/vehicle_msgs/msg/vehicle_state.hpp
[3.363s] -- Up-to-date: /vehicle_1811/install/vehicle_msgs/include/vehicle_msgs/vehicle_msgs/msg/detail
[3.363s] -- Installing: /vehicle_1811/install/vehicle_msgs/include/vehicle_msgs/vehicle_msgs/msg/detail/detection__type_support.hpp
[3.363s] -- Installing: /vehicle_1811/install/vehicle_msgs/include/vehicle_msgs/vehicle_msgs/msg/detail/detection__builder.hpp
[3.363s] -- Installing: /vehicle_1811/install/vehicle_msgs/include/vehicle_msgs/vehicle_msgs/msg/detail/detection_array__type_support.hpp
[3.363s] -- Installing: /vehicle_1811/install/vehicle_msgs/include/vehicle_msgs/vehicle_msgs/msg/detail/detection_array__builder.hpp
[3.364s] -- Installing: /vehicle_1811/install/vehicle_msgs/include/vehicle_msgs/vehicle_msgs/msg/detail/vehicle_state__traits.hpp
[3.364s] -- Installing: /vehicle_1811/install/vehicle_msgs/include/vehicle_msgs/vehicle_msgs/msg/detail/vehicle_state__builder.hpp
[3.364s] -- Installing: /vehicle_1811/install/vehicle_msgs/include/vehicle_msgs/vehicle_msgs/msg/detail/detection__traits.hpp
[3.364s] -- Installing: /vehicle_1811/install/vehicle_msgs/include/vehicle_msgs/vehicle_msgs/msg/detail/vehicle_command__type_support.hpp
[3.364s] -- Installing: /vehicle_1811/install/vehicle_msgs/include/vehicle_msgs/vehicle_msgs/msg/detail/detection_array__struct.hpp
[3.364s] -- Installing: /vehicle_1811/install/vehicle_msgs/include/vehicle_msgs/vehicle_msgs/msg/detail/vehicle_state__struct.hpp
[3.365s] -- Installing: /vehicle_1811/install/vehicle_msgs/include/vehicle_msgs/vehicle_msgs/msg/detail/vehicle_command__struct.hpp
[3.365s] -- Installing: /vehicle_1811/install/vehicle_msgs/include/vehicle_msgs/vehicle_msgs/msg/detail/detection_array__traits.hpp
[3.365s] -- Installing: /vehicle_1811/install/vehicle_msgs/include/vehicle_msgs/vehicle_msgs/msg/detail/vehicle_state__type_support.hpp
[3.365s] -- Installing: /vehicle_1811/install/vehicle_msgs/include/vehicle_msgs/vehicle_msgs/msg/detail/detection__struct.hpp
[3.365s] -- Installing: /vehicle_1811/install/vehicle_msgs/include/vehicle_msgs/vehicle_msgs/msg/detail/vehicle_command__builder.hpp
[3.365s] -- Installing: /vehicle_1811/install/vehicle_msgs/include/vehicle_msgs/vehicle_msgs/msg/detail/vehicle_command__traits.hpp
[3.365s] -- Installing: /vehicle_1811/install/vehicle_msgs/include/vehicle_msgs/vehicle_msgs/msg/vehicle_command.hpp
[3.366s] -- Installing: /vehicle_1811/install/vehicle_msgs/include/vehicle_msgs/vehicle_msgs/msg/detection.hpp
[3.366s] -- Installing: /vehicle_1811/install/vehicle_msgs/include/vehicle_msgs/vehicle_msgs/msg/rosidl_generator_cpp__visibility_control.hpp
[3.366s] -- Installing: /vehicle_1811/install/vehicle_msgs/include/vehicle_msgs/vehicle_msgs/msg/detection_array.hpp
[3.366s] -- Up-to-date: /vehicle_1811/install/vehicle_msgs/include/vehicle_msgs/vehicle_msgs
[3.366s] -- Up-to-date: /vehicle_1811/install/vehicle_msgs/include/vehicle_msgs/vehicle_msgs/msg
[3.366s] -- Up-to-date: /vehicle_1811/install/vehicle_msgs/include/vehicle_msgs/vehicle_msgs/msg/detail
[3.366s] -- Installing: /vehicle_1811/install/vehicle_msgs/include/vehicle_msgs/vehicle_msgs/msg/detail/vehicle_command__rosidl_typesupport_fastrtps_cpp.hpp
[3.368s] -- Installing: /vehicle_1811/install/vehicle_msgs/include/vehicle_msgs/vehicle_msgs/msg/detail/detection__rosidl_typesupport_fastrtps_cpp.hpp
[3.368s] -- Installing: /vehicle_1811/install/vehicle_msgs/include/vehicle_msgs/vehicle_msgs/msg/detail/vehicle_state__rosidl_typesupport_fastrtps_cpp.hpp
[3.368s] -- Installing: /vehicle_1811/install/vehicle_msgs/include/vehicle_msgs/vehicle_msgs/msg/detail/dds_fastrtps
[3.368s] -- Installing: /vehicle_1811/install/vehicle_msgs/include/vehicle_msgs/vehicle_msgs/msg/detail/detection_array__rosidl_typesupport_fastrtps_cpp.hpp
[3.368s] -- Installing: /vehicle_1811/install/vehicle_msgs/include/vehicle_msgs/vehicle_msgs/msg/rosidl_typesupport_fastrtps_cpp__visibility_control.h
[3.368s] -- Installing: /vehicle_1811/install/vehicle_msgs/lib/libvehicle_msgs__rosidl_typesupport_fastrtps_cpp.so
[3.368s] -- Set runtime path of "/vehicle_1811/install/vehicle_msgs/lib/libvehicle_msgs__rosidl_typesupport_fastrtps_cpp.so" to ""
[3.368s] -- Up-to-date: /vehicle_1811/install/vehicle_msgs/include/vehicle_msgs/vehicle_msgs
[3.369s] -- Up-to-date: /vehicle_1811/install/vehicle_msgs/include/vehicle_msgs/vehicle_msgs/msg
[3.369s] -- Installing: /vehicle_1811/install/vehicle_msgs/include/vehicle_msgs/vehicle_msgs/msg/rosidl_typesupport_introspection_c__visibility_control.h
[3.369s] -- Up-to-date: /vehicle_1811/install/vehicle_msgs/include/vehicle_msgs/vehicle_msgs/msg/detail
[3.369s] -- Installing: /vehicle_1811/install/vehicle_msgs/include/vehicle_msgs/vehicle_msgs/msg/detail/vehicle_state__rosidl_typesupport_introspection_c.h
[3.369s] -- Installing: /vehicle_1811/install/vehicle_msgs/include/vehicle_msgs/vehicle_msgs/msg/detail/detection_array__type_support.c
[3.369s] -- Installing: /vehicle_1811/install/vehicle_msgs/include/vehicle_msgs/vehicle_msgs/msg/detail/detection__type_support.c
[3.370s] -- Installing: /vehicle_1811/install/vehicle_msgs/include/vehicle_msgs/vehicle_msgs/msg/detail/vehicle_state__type_support.c
[3.370s] -- Installing: /vehicle_1811/install/vehicle_msgs/include/vehicle_msgs/vehicle_msgs/msg/detail/detection_array__rosidl_typesupport_introspection_c.h
[3.370s] -- Installing: /vehicle_1811/install/vehicle_msgs/include/vehicle_msgs/vehicle_msgs/msg/detail/vehicle_command__type_support.c
[3.370s] -- Installing: /vehicle_1811/install/vehicle_msgs/include/vehicle_msgs/vehicle_msgs/msg/detail/detection__rosidl_typesupport_introspection_c.h
[3.370s] -- Installing: /vehicle_1811/install/vehicle_msgs/include/vehicle_msgs/vehicle_msgs/msg/detail/vehicle_command__rosidl_typesupport_introspection_c.h
[3.370s] -- Installing: /vehicle_1811/install/vehicle_msgs/lib/libvehicle_msgs__rosidl_typesupport_introspection_c.so
[3.371s] -- Set runtime path of "/vehicle_1811/install/vehicle_msgs/lib/libvehicle_msgs__rosidl_typesupport_introspection_c.so" to ""
[3.371s] -- Installing: /vehicle_1811/install/vehicle_msgs/lib/libvehicle_msgs__rosidl_typesupport_c.so
[3.371s] -- Set runtime path of "/vehicle_1811/install/vehicle_msgs/lib/libvehicle_msgs__rosidl_typesupport_c.so" to ""
[3.371s] -- Up-to-date: /vehicle_1811/install/vehicle_msgs/include/vehicle_msgs/vehicle_msgs
[3.371s] -- Up-to-date: /vehicle_1811/install/vehicle_msgs/include/vehicle_msgs/vehicle_msgs/msg
[3.371s] -- Up-to-date: /vehicle_1811/install/vehicle_msgs/include/vehicle_msgs/vehicle_msgs/msg/detail
[3.372s] -- Installing: /vehicle_1811/install/vehicle_msgs/include/vehicle_msgs/vehicle_msgs/msg/detail/detection__rosidl_typesupport_introspection_cpp.hpp
[3.372s] -- Installing: /vehicle_1811/install/vehicle_msgs/include/vehicle_msgs/vehicle_msgs/msg/detail/vehicle_state__rosidl_typesupport_introspection_cpp.hpp
[3.372s] -- Installing: /vehicle_1811/install/vehicle_msgs/include/vehicle_msgs/vehicle_msgs/msg/detail/vehicle_command__rosidl_typesupport_introspection_cpp.hpp
[3.372s] -- Installing: /vehicle_1811/install/vehicle_msgs/include/vehicle_msgs/vehicle_msgs/msg/detail/detection_array__rosidl_typesupport_introspection_cpp.hpp
[3.373s] -- Installing: /vehicle_1811/install/vehicle_msgs/include/vehicle_msgs/vehicle_msgs/msg/detail/vehicle_command__type_support.cpp
[3.373s] -- Installing: /vehicle_1811/install/vehicle_msgs/include/vehicle_msgs/vehicle_msgs/msg/detail/detection__type_support.cpp
[3.373s] -- Installing: /vehicle_1811/install/vehicle_msgs/include/vehicle_msgs/vehicle_msgs/msg/detail/vehicle_state__type_support.cpp
[3.373s] -- Installing: /vehicle_1811/install/vehicle_msgs/include/vehicle_msgs/vehicle_msgs/msg/detail/detection_array__type_support.cpp
[3.373s] -- Installing: /vehicle_1811/install/vehicle_msgs/lib/libvehicle_msgs__rosidl_typesupport_introspection_cpp.so
[3.373s] -- Set runtime path of "/vehicle_1811/install/vehicle_msgs/lib/libvehicle_msgs__rosidl_typesupport_introspection_cpp.so" to ""
[3.373s] -- Installing: /vehicle_1811/install/vehicle_msgs/lib/libvehicle_msgs__rosidl_typesupport_cpp.so
[3.374s] -- Set runtime path of "/vehicle_1811/install/vehicle_msgs/lib/libvehicle_msgs__rosidl_typesupport_cpp.so" to ""
[3.374s] -- Installing: /vehicle_1811/install/vehicle_msgs/share/vehicle_msgs/environment/pythonpath.sh
[3.374s] -- Installing: /vehicle_1811/install/vehicle_msgs/share/vehicle_msgs/environment/pythonpath.dsv
[3.374s] -- Installing: /vehicle_1811/install/vehicle_msgs/local/lib/python3.10/dist-packages/vehicle_msgs-0.0.0-py3.10.egg-info
[3.375s] -- Installing: /vehicle_1811/install/vehicle_msgs/local/lib/python3.10/dist-packages/vehicle_msgs-0.0.0-py3.10.egg-info/top_level.txt
[3.375s] -- Installing: /vehicle_1811/install/vehicle_msgs/local/lib/python3.10/dist-packages/vehicle_msgs-0.0.0-py3.10.egg-info/PKG-INFO
[3.376s] -- Installing: /vehicle_1811/install/vehicle_msgs/local/lib/python3.10/dist-packages/vehicle_msgs-0.0.0-py3.10.egg-info/dependency_links.txt
[3.376s] -- Installing: /vehicle_1811/install/vehicle_msgs/local/lib/python3.10/dist-packages/vehicle_msgs-0.0.0-py3.10.egg-info/SOURCES.txt
[3.376s] -- Installing: /vehicle_1811/install/vehicle_msgs/local/lib/python3.10/dist-packages/vehicle_msgs
[3.376s] -- Installing: /vehicle_1811/install/vehicle_msgs/local/lib/python3.10/dist-packages/vehicle_msgs/msg
[3.377s] -- Installing: /vehicle_1811/install/vehicle_msgs/local/lib/python3.10/dist-packages/vehicle_msgs/msg/_detection.py
[3.377s] -- Installing: /vehicle_1811/install/vehicle_msgs/local/lib/python3.10/dist-packages/vehicle_msgs/msg/_detection_s.c
[3.377s] -- Installing: /vehicle_1811/install/vehicle_msgs/local/lib/python3.10/dist-packages/vehicle_msgs/msg/_detection_array_s.c
[3.377s] -- Installing: /vehicle_1811/install/vehicle_msgs/local/lib/python3.10/dist-packages/vehicle_msgs/msg/_detection_array.py
[3.377s] -- Installing: /vehicle_1811/install/vehicle_msgs/local/lib/python3.10/dist-packages/vehicle_msgs/msg/_vehicle_state_s.c
[3.377s] -- Installing: /vehicle_1811/install/vehicle_msgs/local/lib/python3.10/dist-packages/vehicle_msgs/msg/__init__.py
[3.377s] -- Installing: /vehicle_1811/install/vehicle_msgs/local/lib/python3.10/dist-packages/vehicle_msgs/msg/_vehicle_state.py
[3.378s] -- Installing: /vehicle_1811/install/vehicle_msgs/local/lib/python3.10/dist-packages/vehicle_msgs/msg/_vehicle_command_s.c
[3.378s] -- Installing: /vehicle_1811/install/vehicle_msgs/local/lib/python3.10/dist-packages/vehicle_msgs/msg/_vehicle_command.py
[3.378s] -- Installing: /vehicle_1811/install/vehicle_msgs/local/lib/python3.10/dist-packages/vehicle_msgs/vehicle_msgs_s__rosidl_typesupport_c.cpython-310-x86_64-linux-gnu.so
[3.378s] -- Installing: /vehicle_1811/install/vehicle_msgs/local/lib/python3.10/dist-packages/vehicle_msgs/_vehicle_msgs_s.ep.rosidl_typesupport_introspection_c.c
[3.378s] -- Installing: /vehicle_1811/install/vehicle_msgs/local/lib/python3.10/dist-packages/vehicle_msgs/_vehicle_msgs_s.ep.rosidl_typesupport_c.c
[3.379s] -- Installing: /vehicle_1811/install/vehicle_msgs/local/lib/python3.10/dist-packages/vehicle_msgs/vehicle_msgs_s__rosidl_typesupport_introspection_c.cpython-310-x86_64-linux-gnu.so
[3.379s] -- Installing: /vehicle_1811/install/vehicle_msgs/local/lib/python3.10/dist-packages/vehicle_msgs/_vehicle_msgs_s.ep.rosidl_typesupport_fastrtps_c.c
[3.379s] -- Installing: /vehicle_1811/install/vehicle_msgs/local/lib/python3.10/dist-packages/vehicle_msgs/libvehicle_msgs__rosidl_generator_py.so
[3.379s] -- Installing: /vehicle_1811/install/vehicle_msgs/local/lib/python3.10/dist-packages/vehicle_msgs/__init__.py
[3.379s] -- Installing: /vehicle_1811/install/vehicle_msgs/local/lib/python3.10/dist-packages/vehicle_msgs/vehicle_msgs_s__rosidl_typesupport_fastrtps_c.cpython-310-x86_64-linux-gnu.so
[3.404s] Listing '/vehicle_1811/install/vehicle_msgs/local/lib/python3.10/dist-packages/vehicle_msgs'...
[3.405s] Compiling '/vehicle_1811/install/vehicle_msgs/local/lib/python3.10/dist-packages/vehicle_msgs/__init__.py'...
[3.405s] Listing '/vehicle_1811/install/vehicle_msgs/local/lib/python3.10/dist-packages/vehicle_msgs/msg'...
[3.405s] Compiling '/vehicle_1811/install/vehicle_msgs/local/lib/python3.10/dist-packages/vehicle_msgs/msg/__init__.py'...
[3.405s] Compiling '/vehicle_1811/install/vehicle_msgs/local/lib/python3.10/dist-packages/vehicle_msgs/msg/_detection.py'...
[3.405s] Compiling '/vehicle_1811/install/vehicle_msgs/local/lib/python3.10/dist-packages/vehicle_msgs/msg/_detection_array.py'...
[3.405s] Compiling '/vehicle_1811/install/vehicle_msgs/local/lib/python3.10/dist-packages/vehicle_msgs/msg/_vehicle_command.py'...
[3.405s] Compiling '/vehicle_1811/install/vehicle_msgs/local/lib/python3.10/dist-packages/vehicle_msgs/msg/_vehicle_state.py'...
[3.408s] -- Installing: /vehicle_1811/install/vehicle_msgs/local/lib/python3.10/dist-packages/vehicle_msgs/vehicle_msgs_s__rosidl_typesupport_fastrtps_c.cpython-310-x86_64-linux-gnu.so
[3.409s] -- Set runtime path of "/vehicle_1811/install/vehicle_msgs/local/lib/python3.10/dist-packages/vehicle_msgs/vehicle_msgs_s__rosidl_typesupport_fastrtps_c.cpython-310-x86_64-linux-gnu.so" to ""
[3.409s] -- Installing: /vehicle_1811/install/vehicle_msgs/local/lib/python3.10/dist-packages/vehicle_msgs/vehicle_msgs_s__rosidl_typesupport_introspection_c.cpython-310-x86_64-linux-gnu.so
[3.409s] -- Set runtime path of "/vehicle_1811/install/vehicle_msgs/local/lib/python3.10/dist-packages/vehicle_msgs/vehicle_msgs_s__rosidl_typesupport_introspection_c.cpython-310-x86_64-linux-gnu.so" to ""
[3.409s] -- Installing: /vehicle_1811/install/vehicle_msgs/local/lib/python3.10/dist-packages/vehicle_msgs/vehicle_msgs_s__rosidl_typesupport_c.cpython-310-x86_64-linux-gnu.so
[3.410s] -- Set runtime path of "/vehicle_1811/install/vehicle_msgs/local/lib/python3.10/dist-packages/vehicle_msgs/vehicle_msgs_s__rosidl_typesupport_c.cpython-310-x86_64-linux-gnu.so" to ""
[3.410s] -- Installing: /vehicle_1811/install/vehicle_msgs/lib/libvehicle_msgs__rosidl_generator_py.so
[3.410s] -- Set runtime path of "/vehicle_1811/install/vehicle_msgs/lib/libvehicle_msgs__rosidl_generator_py.so" to ""
[3.411s] -- Installing: /vehicle_1811/install/vehicle_msgs/share/ament_index/resource_index/rust_packages/vehicle_msgs
[3.411s] -- Installing: /vehicle_1811/install/vehicle_msgs/share/vehicle_msgs/rust
[3.411s] -- Installing: /vehicle_1811/install/vehicle_msgs/share/vehicle_msgs/rust/src
[3.411s] -- Installing: /vehicle_1811/install/vehicle_msgs/share/vehicle_msgs/rust/src/msg
[3.411s] -- Installing: /vehicle_1811/install/vehicle_msgs/share/vehicle_msgs/rust/src/msg/rmw.rs
[3.411s] -- Installing: /vehicle_1811/install/vehicle_msgs/share/vehicle_msgs/rust/src/msg.rs
[3.412s] -- Installing: /vehicle_1811/install/vehicle_msgs/share/vehicle_msgs/rust/src/lib.rs
[3.412s] -- Installing: /vehicle_1811/install/vehicle_msgs/share/vehicle_msgs/rust/build.rs
[3.412s] -- Installing: /vehicle_1811/install/vehicle_msgs/share/vehicle_msgs/rust/Cargo.toml
[3.412s] -- Installing: /vehicle_1811/install/vehicle_msgs/share/vehicle_msgs/msg/VehicleCommand.idl
[3.413s] -- Installing: /vehicle_1811/install/vehicle_msgs/share/vehicle_msgs/msg/VehicleState.idl
[3.413s] -- Installing: /vehicle_1811/install/vehicle_msgs/share/vehicle_msgs/msg/Detection.idl
[3.413s] -- Installing: /vehicle_1811/install/vehicle_msgs/share/vehicle_msgs/msg/DetectionArray.idl
[3.414s] -- Installing: /vehicle_1811/install/vehicle_msgs/share/vehicle_msgs/msg/VehicleCommand.msg
[3.414s] -- Installing: /vehicle_1811/install/vehicle_msgs/share/vehicle_msgs/msg/VehicleState.msg
[3.414s] -- Installing: /vehicle_1811/install/vehicle_msgs/share/vehicle_msgs/msg/Detection.msg
[3.414s] -- Installing: /vehicle_1811/install/vehicle_msgs/share/vehicle_msgs/msg/DetectionArray.msg
[3.414s] -- Installing: /vehicle_1811/install/vehicle_msgs/share/ament_index/resource_index/package_run_dependencies/vehicle_msgs
[3.415s] -- Installing: /vehicle_1811/install/vehicle_msgs/share/ament_index/resource_index/parent_prefix_path/vehicle_msgs
[3.415s] -- Installing: /vehicle_1811/install/vehicle_msgs/share/vehicle_msgs/environment/ament_prefix_path.sh
[3.415s] -- Installing: /vehicle_1811/install/vehicle_msgs/share/vehicle_msgs/environment/ament_prefix_path.dsv
[3.415s] -- Installing: /vehicle_1811/install/vehicle_msgs/share/vehicle_msgs/environment/path.sh
[3.415s] -- Installing: /vehicle_1811/install/vehicle_msgs/share/vehicle_msgs/environment/path.dsv
[3.416s] -- Installing: /vehicle_1811/install/vehicle_msgs/share/vehicle_msgs/local_setup.bash
[3.416s] -- Installing: /vehicle_1811/install/vehicle_msgs/share/vehicle_msgs/local_setup.sh
[3.416s] -- Installing: /vehicle_1811/install/vehicle_msgs/share/vehicle_msgs/local_setup.zsh
[3.416s] -- Installing: /vehicle_1811/install/vehicle_msgs/share/vehicle_msgs/local_setup.dsv
[3.416s] -- Installing: /vehicle_1811/install/vehicle_msgs/share/vehicle_msgs/package.dsv
[3.417s] -- Installing: /vehicle_1811/install/vehicle_msgs/share/ament_index/resource_index/packages/vehicle_msgs
[3.417s] -- Installing: /vehicle_1811/install/vehicle_msgs/share/vehicle_msgs/cmake/export_vehicle_msgs__rosidl_generator_cExport.cmake
[3.417s] -- Installing: /vehicle_1811/install/vehicle_msgs/share/vehicle_msgs/cmake/export_vehicle_msgs__rosidl_generator_cExport-noconfig.cmake
[3.417s] -- Installing: /vehicle_1811/install/vehicle_msgs/share/vehicle_msgs/cmake/export_vehicle_msgs__rosidl_typesupport_fastrtps_cExport.cmake
[3.417s] -- Installing: /vehicle_1811/install/vehicle_msgs/share/vehicle_msgs/cmake/export_vehicle_msgs__rosidl_typesupport_fastrtps_cExport-noconfig.cmake
[3.417s] -- Installing: /vehicle_1811/install/vehicle_msgs/share/vehicle_msgs/cmake/export_vehicle_msgs__rosidl_generator_cppExport.cmake
[3.418s] -- Installing: /vehicle_1811/install/vehicle_msgs/share/vehicle_msgs/cmake/export_vehicle_msgs__rosidl_typesupport_fastrtps_cppExport.cmake
[3.418s] -- Installing: /vehicle_1811/install/vehicle_msgs/share/vehicle_msgs/cmake/export_vehicle_msgs__rosidl_typesupport_fastrtps_cppExport-noconfig.cmake
[3.418s] -- Installing: /vehicle_1811/install/vehicle_msgs/share/vehicle_msgs/cmake/vehicle_msgs__rosidl_typesupport_introspection_cExport.cmake
[3.418s] -- Installing: /vehicle_1811/install/vehicle_msgs/share/vehicle_msgs/cmake/vehicle_msgs__rosidl_typesupport_introspection_cExport-noconfig.cmake
[3.419s] -- Installing: /vehicle_1811/install/vehicle_msgs/share/vehicle_msgs/cmake/vehicle_msgs__rosidl_typesupport_cExport.cmake
[3.419s] -- Installing: /vehicle_1811/install/vehicle_msgs/share/vehicle_msgs/cmake/vehicle_msgs__rosidl_typesupport_cExport-noconfig.cmake
[3.419s] -- Installing: /vehicle_1811/install/vehicle_msgs/share/vehicle_msgs/cmake/vehicle_msgs__rosidl_typesupport_introspection_cppExport.cmake
[3.419s] -- Installing: /vehicle_1811/install/vehicle_msgs/share/vehicle_msgs/cmake/vehicle_msgs__rosidl_typesupport_introspection_cppExport-noconfig.cmake
[3.420s] -- Installing: /vehicle_1811/install/vehicle_msgs/share/vehicle_msgs/cmake/vehicle_msgs__rosidl_typesupport_cppExport.cmake
[3.420s] -- Installing: /vehicle_1811/install/vehicle_msgs/share/vehicle_msgs/cmake/vehicle_msgs__rosidl_typesupport_cppExport-noconfig.cmake
[3.420s] -- Installing: /vehicle_1811/install/vehicle_msgs/share/vehicle_msgs/cmake/export_vehicle_msgs__rosidl_generator_pyExport.cmake
[3.420s] -- Installing: /vehicle_1811/install/vehicle_msgs/share/vehicle_msgs/cmake/export_vehicle_msgs__rosidl_generator_pyExport-noconfig.cmake
[3.421s] -- Installing: /vehicle_1811/install/vehicle_msgs/share/vehicle_msgs/cmake/rosidl_cmake-extras.cmake
[3.421s] -- Installing: /vehicle_1811/install/vehicle_msgs/share/vehicle_msgs/cmake/ament_cmake_export_dependencies-extras.cmake
[3.421s] -- Installing: /vehicle_1811/install/vehicle_msgs/share/vehicle_msgs/cmake/ament_cmake_export_include_directories-extras.cmake
[3.421s] -- Installing: /vehicle_1811/install/vehicle_msgs/share/vehicle_msgs/cmake/ament_cmake_export_libraries-extras.cmake
[3.422s] -- Installing: /vehicle_1811/install/vehicle_msgs/share/vehicle_msgs/cmake/ament_cmake_export_targets-extras.cmake
[3.422s] -- Installing: /vehicle_1811/install/vehicle_msgs/share/vehicle_msgs/cmake/rosidl_cmake_export_typesupport_targets-extras.cmake
[3.422s] -- Installing: /vehicle_1811/install/vehicle_msgs/share/vehicle_msgs/cmake/rosidl_cmake_export_typesupport_libraries-extras.cmake
[3.422s] -- Installing: /vehicle_1811/install/vehicle_msgs/share/vehicle_msgs/cmake/vehicle_msgsConfig.cmake
[3.423s] -- Installing: /vehicle_1811/install/vehicle_msgs/share/vehicle_msgs/cmake/vehicle_msgsConfig-version.cmake
[3.423s] -- Installing: /vehicle_1811/install/vehicle_msgs/share/vehicle_msgs/package.xml
[3.426s] Invoked command in '/vehicle_1811/build/vehicle_msgs' returned '0': CMAKE_PREFIX_PATH=/opt/ros/humble /usr/bin/cmake --install /vehicle_1811/build/vehicle_msgs
