[0.786s] Invoking command in '/home/adit22/1811/ros2_ws/src/teleop_bridge': PYTHONPATH=/home/adit22/1811/build/teleop_bridge/prefix_override:/usr/lib/python3/dist-packages/colcon_core/task/python/colcon_distutils_commands:/home/adit22/1811/install/teleop_bridge/lib/python3.10/site-packages:${PYTHONPATH} /usr/bin/python3 -W ignore:setup.py install is deprecated -W ignore:easy_install command is deprecated setup.py egg_info --egg-base ../../../build/teleop_bridge build --build-base /home/adit22/1811/build/teleop_bridge/build install --record /home/adit22/1811/build/teleop_bridge/install.log --install-scripts $base/lib/teleop_bridge --single-version-externally-managed install_data
[0.926s] running egg_info
[0.927s] creating ../../../build/teleop_bridge/teleop_bridge.egg-info
[0.927s] writing ../../../build/teleop_bridge/teleop_bridge.egg-info/PKG-INFO
[0.928s] writing dependency_links to ../../../build/teleop_bridge/teleop_bridge.egg-info/dependency_links.txt
[0.928s] writing entry points to ../../../build/teleop_bridge/teleop_bridge.egg-info/entry_points.txt
[0.929s] writing requirements to ../../../build/teleop_bridge/teleop_bridge.egg-info/requires.txt
[0.929s] writing top-level names to ../../../build/teleop_bridge/teleop_bridge.egg-info/top_level.txt
[0.929s] writing manifest file '../../../build/teleop_bridge/teleop_bridge.egg-info/SOURCES.txt'
[0.931s] reading manifest file '../../../build/teleop_bridge/teleop_bridge.egg-info/SOURCES.txt'
[0.931s] writing manifest file '../../../build/teleop_bridge/teleop_bridge.egg-info/SOURCES.txt'
[0.931s] running build
[0.932s] running build_py
[0.932s] creating /home/adit22/1811/build/teleop_bridge/build
[0.932s] creating /home/adit22/1811/build/teleop_bridge/build/lib
[0.932s] creating /home/adit22/1811/build/teleop_bridge/build/lib/teleop_bridge
[0.932s] copying teleop_bridge/serial_bridge_node.py -> /home/adit22/1811/build/teleop_bridge/build/lib/teleop_bridge
[0.933s] copying teleop_bridge/keyboard_teleop_node.py -> /home/adit22/1811/build/teleop_bridge/build/lib/teleop_bridge
[0.933s] copying teleop_bridge/__init__.py -> /home/adit22/1811/build/teleop_bridge/build/lib/teleop_bridge
[0.934s] copying teleop_bridge/gamepad_node.py -> /home/adit22/1811/build/teleop_bridge/build/lib/teleop_bridge
[0.934s] running install
[0.934s] running install_lib
[0.935s] creating /home/adit22/1811/install/teleop_bridge/lib/python3.10/site-packages/teleop_bridge
[0.935s] copying /home/adit22/1811/build/teleop_bridge/build/lib/teleop_bridge/serial_bridge_node.py -> /home/adit22/1811/install/teleop_bridge/lib/python3.10/site-packages/teleop_bridge
[0.935s] copying /home/adit22/1811/build/teleop_bridge/build/lib/teleop_bridge/keyboard_teleop_node.py -> /home/adit22/1811/install/teleop_bridge/lib/python3.10/site-packages/teleop_bridge
[0.935s] copying /home/adit22/1811/build/teleop_bridge/build/lib/teleop_bridge/__init__.py -> /home/adit22/1811/install/teleop_bridge/lib/python3.10/site-packages/teleop_bridge
[0.936s] copying /home/adit22/1811/build/teleop_bridge/build/lib/teleop_bridge/gamepad_node.py -> /home/adit22/1811/install/teleop_bridge/lib/python3.10/site-packages/teleop_bridge
[0.936s] byte-compiling /home/adit22/1811/install/teleop_bridge/lib/python3.10/site-packages/teleop_bridge/serial_bridge_node.py to serial_bridge_node.cpython-310.pyc
[0.937s] byte-compiling /home/adit22/1811/install/teleop_bridge/lib/python3.10/site-packages/teleop_bridge/keyboard_teleop_node.py to keyboard_teleop_node.cpython-310.pyc
[0.938s] byte-compiling /home/adit22/1811/install/teleop_bridge/lib/python3.10/site-packages/teleop_bridge/__init__.py to __init__.cpython-310.pyc
[0.938s] byte-compiling /home/adit22/1811/install/teleop_bridge/lib/python3.10/site-packages/teleop_bridge/gamepad_node.py to gamepad_node.cpython-310.pyc
[0.938s] running install_data
[0.939s] creating /home/adit22/1811/install/teleop_bridge/share/ament_index
[0.939s] creating /home/adit22/1811/install/teleop_bridge/share/ament_index/resource_index
[0.939s] creating /home/adit22/1811/install/teleop_bridge/share/ament_index/resource_index/packages
[0.939s] copying resource/teleop_bridge -> /home/adit22/1811/install/teleop_bridge/share/ament_index/resource_index/packages
[0.940s] copying package.xml -> /home/adit22/1811/install/teleop_bridge/share/teleop_bridge
[0.940s] creating /home/adit22/1811/install/teleop_bridge/share/teleop_bridge/launch
[0.940s] copying launch/teleop_bridge.launch.py -> /home/adit22/1811/install/teleop_bridge/share/teleop_bridge/launch
[0.940s] running install_egg_info
[0.942s] Copying ../../../build/teleop_bridge/teleop_bridge.egg-info to /home/adit22/1811/install/teleop_bridge/lib/python3.10/site-packages/teleop_bridge-0.0.0-py3.10.egg-info
[0.943s] running install_scripts
[0.957s] Installing gamepad_node script to /home/adit22/1811/install/teleop_bridge/lib/teleop_bridge
[0.958s] Installing keyboard_teleop_node script to /home/adit22/1811/install/teleop_bridge/lib/teleop_bridge
[0.958s] Installing serial_bridge_node script to /home/adit22/1811/install/teleop_bridge/lib/teleop_bridge
[0.958s] writing list of installed files to '/home/adit22/1811/build/teleop_bridge/install.log'
[0.982s] Invoked command in '/home/adit22/1811/ros2_ws/src/teleop_bridge' returned '0': PYTHONPATH=/home/adit22/1811/build/teleop_bridge/prefix_override:/usr/lib/python3/dist-packages/colcon_core/task/python/colcon_distutils_commands:/home/adit22/1811/install/teleop_bridge/lib/python3.10/site-packages:${PYTHONPATH} /usr/bin/python3 -W ignore:setup.py install is deprecated -W ignore:easy_install command is deprecated setup.py egg_info --egg-base ../../../build/teleop_bridge build --build-base /home/adit22/1811/build/teleop_bridge/build install --record /home/adit22/1811/build/teleop_bridge/install.log --install-scripts $base/lib/teleop_bridge --single-version-externally-managed install_data
