[0.831s] Invoking command in '/vehicle_1811/ros2_ws/src/sensor_fusion': AMENT_PREFIX_PATH=/vehicle_1811/install/vehicle_msgs:${AMENT_PREFIX_PATH} CMAKE_PREFIX_PATH=/vehicle_1811/install/vehicle_msgs LD_LIBRARY_PATH=/vehicle_1811/install/vehicle_msgs/lib:${LD_LIBRARY_PATH} PYTHONPATH=/vehicle_1811/build/sensor_fusion/prefix_override:/usr/lib/python3/dist-packages/colcon_core/task/python/colcon_distutils_commands:/vehicle_1811/install/sensor_fusion/lib/python3.10/site-packages:/vehicle_1811/install/vehicle_msgs/local/lib/python3.10/dist-packages:${PYTHONPATH} /usr/bin/python3 -W ignore:setup.py install is deprecated -W ignore:easy_install command is deprecated setup.py egg_info --egg-base ../../../build/sensor_fusion build --build-base /vehicle_1811/build/sensor_fusion/build install --record /vehicle_1811/build/sensor_fusion/install.log --install-scripts $base/lib/sensor_fusion --single-version-externally-managed install_data
[1.009s] running egg_info
[1.010s] creating ../../../build/sensor_fusion/sensor_fusion.egg-info
[1.010s] writing ../../../build/sensor_fusion/sensor_fusion.egg-info/PKG-INFO
[1.011s] writing dependency_links to ../../../build/sensor_fusion/sensor_fusion.egg-info/dependency_links.txt
[1.011s] writing entry points to ../../../build/sensor_fusion/sensor_fusion.egg-info/entry_points.txt
[1.011s] writing requirements to ../../../build/sensor_fusion/sensor_fusion.egg-info/requires.txt
[1.012s] writing top-level names to ../../../build/sensor_fusion/sensor_fusion.egg-info/top_level.txt
[1.012s] writing manifest file '../../../build/sensor_fusion/sensor_fusion.egg-info/SOURCES.txt'
[1.013s] reading manifest file '../../../build/sensor_fusion/sensor_fusion.egg-info/SOURCES.txt'
[1.014s] writing manifest file '../../../build/sensor_fusion/sensor_fusion.egg-info/SOURCES.txt'
[1.015s] running build
[1.015s] running build_py
[1.015s] creating /vehicle_1811/build/sensor_fusion/build
[1.016s] creating /vehicle_1811/build/sensor_fusion/build/lib
[1.016s] creating /vehicle_1811/build/sensor_fusion/build/lib/sensor_fusion
[1.017s] copying sensor_fusion/__init__.py -> /vehicle_1811/build/sensor_fusion/build/lib/sensor_fusion
[1.018s] running install
[1.018s] running install_lib
[1.018s] creating /vehicle_1811/install/sensor_fusion/lib/python3.10/site-packages/sensor_fusion
[1.019s] copying /vehicle_1811/build/sensor_fusion/build/lib/sensor_fusion/__init__.py -> /vehicle_1811/install/sensor_fusion/lib/python3.10/site-packages/sensor_fusion
[1.020s] byte-compiling /vehicle_1811/install/sensor_fusion/lib/python3.10/site-packages/sensor_fusion/__init__.py to __init__.cpython-310.pyc
[1.022s] running install_data
[1.023s] creating /vehicle_1811/install/sensor_fusion/share/ament_index
[1.023s] creating /vehicle_1811/install/sensor_fusion/share/ament_index/resource_index
[1.024s] creating /vehicle_1811/install/sensor_fusion/share/ament_index/resource_index/packages
[1.024s] copying resource/sensor_fusion -> /vehicle_1811/install/sensor_fusion/share/ament_index/resource_index/packages
[1.024s] copying package.xml -> /vehicle_1811/install/sensor_fusion/share/sensor_fusion
[1.024s] running install_egg_info
[1.032s] Copying ../../../build/sensor_fusion/sensor_fusion.egg-info to /vehicle_1811/install/sensor_fusion/lib/python3.10/site-packages/sensor_fusion-0.0.0-py3.10.egg-info
[1.032s] running install_scripts
[1.053s] writing list of installed files to '/vehicle_1811/build/sensor_fusion/install.log'
[1.090s] Invoked command in '/vehicle_1811/ros2_ws/src/sensor_fusion' returned '0': AMENT_PREFIX_PATH=/vehicle_1811/install/vehicle_msgs:${AMENT_PREFIX_PATH} CMAKE_PREFIX_PATH=/vehicle_1811/install/vehicle_msgs LD_LIBRARY_PATH=/vehicle_1811/install/vehicle_msgs/lib:${LD_LIBRARY_PATH} PYTHONPATH=/vehicle_1811/build/sensor_fusion/prefix_override:/usr/lib/python3/dist-packages/colcon_core/task/python/colcon_distutils_commands:/vehicle_1811/install/sensor_fusion/lib/python3.10/site-packages:/vehicle_1811/install/vehicle_msgs/local/lib/python3.10/dist-packages:${PYTHONPATH} /usr/bin/python3 -W ignore:setup.py install is deprecated -W ignore:easy_install command is deprecated setup.py egg_info --egg-base ../../../build/sensor_fusion build --build-base /vehicle_1811/build/sensor_fusion/build install --record /vehicle_1811/build/sensor_fusion/install.log --install-scripts $base/lib/sensor_fusion --single-version-externally-managed install_data
