[0.462s] DEBUG:colcon:Command line arguments: ['/usr/bin/colcon', 'build', '--packages-select', 'teleop_bridge']
[0.462s] DEBUG:colcon:Parsed command line arguments: Namespace(log_base=None, log_level=None, verb_name='build', build_base='build', install_base='install', merge_install=False, symlink_install=False, test_result_base=None, continue_on_error=False, executor='parallel', parallel_workers=24, event_handlers=None, ignore_user_meta=False, metas=['./colcon.meta'], base_paths=['.'], packages_ignore=None, packages_ignore_regex=None, paths=None, packages_up_to=None, packages_up_to_regex=None, packages_above=None, packages_above_and_dependencies=None, packages_above_depth=None, packages_select_by_dep=None, packages_skip_by_dep=None, packages_skip_up_to=None, packages_select_build_failed=False, packages_skip_build_finished=False, packages_select_test_failures=False, packages_skip_test_passed=False, packages_select=['teleop_bridge'], packages_skip=None, packages_select_regex=None, packages_skip_regex=None, packages_start=None, packages_end=None, allow_overriding=[], cmake_args=None, cmake_target=None, cmake_target_skip_unavailable=False, cmake_clean_cache=False, cmake_clean_first=False, cmake_force_configure=False, ament_cmake_args=None, catkin_cmake_args=None, catkin_skip_building_tests=False, mixin_files=None, mixin=None, verb_parser=<colcon_mixin.mixin.mixin_argument.MixinArgumentDecorator object at 0x771abb6434c0>, verb_extension=<colcon_core.verb.build.BuildVerb object at 0x771abb6428c0>, main=<bound method BuildVerb.main of <colcon_core.verb.build.BuildVerb object at 0x771abb6428c0>>, mixin_verb=('build',))
[0.900s] Level 1:colcon.colcon_core.package_discovery:discover_packages(colcon_meta) check parameters
[0.900s] Level 1:colcon.colcon_core.package_discovery:discover_packages(recursive) check parameters
[0.900s] Level 1:colcon.colcon_core.package_discovery:discover_packages(ignore) check parameters
[0.901s] Level 1:colcon.colcon_core.package_discovery:discover_packages(path) check parameters
[0.901s] Level 1:colcon.colcon_core.package_discovery:discover_packages(colcon_meta) discover
[0.901s] Level 1:colcon.colcon_core.package_discovery:discover_packages(recursive) discover
[0.901s] INFO:colcon.colcon_core.package_discovery:Crawling recursively for packages in '/home/adit22/1811'
[0.901s] Level 1:colcon.colcon_core.package_identification:_identify(.) by extensions ['ignore', 'ignore_ament_install']
[0.902s] Level 1:colcon.colcon_core.package_identification:_identify(.) by extension 'ignore'
[0.902s] Level 1:colcon.colcon_core.package_identification:_identify(.) by extension 'ignore_ament_install'
[0.902s] Level 1:colcon.colcon_core.package_identification:_identify(.) by extensions ['colcon_pkg']
[0.902s] Level 1:colcon.colcon_core.package_identification:_identify(.) by extension 'colcon_pkg'
[0.902s] Level 1:colcon.colcon_core.package_identification:_identify(.) by extensions ['colcon_meta']
[0.902s] Level 1:colcon.colcon_core.package_identification:_identify(.) by extension 'colcon_meta'
[0.902s] Level 1:colcon.colcon_core.package_identification:_identify(.) by extensions ['ros']
[0.902s] Level 1:colcon.colcon_core.package_identification:_identify(.) by extension 'ros'
[0.920s] Level 1:colcon.colcon_core.package_identification:_identify(.) by extensions ['cmake', 'python']
[0.920s] Level 1:colcon.colcon_core.package_identification:_identify(.) by extension 'cmake'
[0.920s] Level 1:colcon.colcon_core.package_identification:_identify(.) by extension 'python'
[0.920s] Level 1:colcon.colcon_core.package_identification:_identify(.) by extensions ['python_setup_py']
[0.920s] Level 1:colcon.colcon_core.package_identification:_identify(.) by extension 'python_setup_py'
[0.921s] Level 1:colcon.colcon_core.package_identification:_identify(arduino) by extensions ['ignore', 'ignore_ament_install']
[0.921s] Level 1:colcon.colcon_core.package_identification:_identify(arduino) by extension 'ignore'
[0.921s] Level 1:colcon.colcon_core.package_identification:_identify(arduino) by extension 'ignore_ament_install'
[0.921s] Level 1:colcon.colcon_core.package_identification:_identify(arduino) by extensions ['colcon_pkg']
[0.921s] Level 1:colcon.colcon_core.package_identification:_identify(arduino) by extension 'colcon_pkg'
[0.921s] Level 1:colcon.colcon_core.package_identification:_identify(arduino) by extensions ['colcon_meta']
[0.921s] Level 1:colcon.colcon_core.package_identification:_identify(arduino) by extension 'colcon_meta'
[0.921s] Level 1:colcon.colcon_core.package_identification:_identify(arduino) by extensions ['ros']
[0.921s] Level 1:colcon.colcon_core.package_identification:_identify(arduino) by extension 'ros'
[0.921s] Level 1:colcon.colcon_core.package_identification:_identify(arduino) by extensions ['cmake', 'python']
[0.921s] Level 1:colcon.colcon_core.package_identification:_identify(arduino) by extension 'cmake'
[0.921s] Level 1:colcon.colcon_core.package_identification:_identify(arduino) by extension 'python'
[0.921s] Level 1:colcon.colcon_core.package_identification:_identify(arduino) by extensions ['python_setup_py']
[0.922s] Level 1:colcon.colcon_core.package_identification:_identify(arduino) by extension 'python_setup_py'
[0.922s] Level 1:colcon.colcon_core.package_identification:_identify(arduino/firmware) by extensions ['ignore', 'ignore_ament_install']
[0.922s] Level 1:colcon.colcon_core.package_identification:_identify(arduino/firmware) by extension 'ignore'
[0.922s] Level 1:colcon.colcon_core.package_identification:_identify(arduino/firmware) by extension 'ignore_ament_install'
[0.922s] Level 1:colcon.colcon_core.package_identification:_identify(arduino/firmware) by extensions ['colcon_pkg']
[0.923s] Level 1:colcon.colcon_core.package_identification:_identify(arduino/firmware) by extension 'colcon_pkg'
[0.923s] Level 1:colcon.colcon_core.package_identification:_identify(arduino/firmware) by extensions ['colcon_meta']
[0.923s] Level 1:colcon.colcon_core.package_identification:_identify(arduino/firmware) by extension 'colcon_meta'
[0.923s] Level 1:colcon.colcon_core.package_identification:_identify(arduino/firmware) by extensions ['ros']
[0.923s] Level 1:colcon.colcon_core.package_identification:_identify(arduino/firmware) by extension 'ros'
[0.923s] Level 1:colcon.colcon_core.package_identification:_identify(arduino/firmware) by extensions ['cmake', 'python']
[0.923s] Level 1:colcon.colcon_core.package_identification:_identify(arduino/firmware) by extension 'cmake'
[0.923s] Level 1:colcon.colcon_core.package_identification:_identify(arduino/firmware) by extension 'python'
[0.923s] Level 1:colcon.colcon_core.package_identification:_identify(arduino/firmware) by extensions ['python_setup_py']
[0.923s] Level 1:colcon.colcon_core.package_identification:_identify(arduino/firmware) by extension 'python_setup_py'
[0.924s] Level 1:colcon.colcon_core.package_identification:_identify(arduino/firmware/lib) by extensions ['ignore', 'ignore_ament_install']
[0.924s] Level 1:colcon.colcon_core.package_identification:_identify(arduino/firmware/lib) by extension 'ignore'
[0.924s] Level 1:colcon.colcon_core.package_identification:_identify(arduino/firmware/lib) by extension 'ignore_ament_install'
[0.924s] Level 1:colcon.colcon_core.package_identification:_identify(arduino/firmware/lib) by extensions ['colcon_pkg']
[0.924s] Level 1:colcon.colcon_core.package_identification:_identify(arduino/firmware/lib) by extension 'colcon_pkg'
[0.924s] Level 1:colcon.colcon_core.package_identification:_identify(arduino/firmware/lib) by extensions ['colcon_meta']
[0.925s] Level 1:colcon.colcon_core.package_identification:_identify(arduino/firmware/lib) by extension 'colcon_meta'
[0.925s] Level 1:colcon.colcon_core.package_identification:_identify(arduino/firmware/lib) by extensions ['ros']
[0.925s] Level 1:colcon.colcon_core.package_identification:_identify(arduino/firmware/lib) by extension 'ros'
[0.925s] Level 1:colcon.colcon_core.package_identification:_identify(arduino/firmware/lib) by extensions ['cmake', 'python']
[0.925s] Level 1:colcon.colcon_core.package_identification:_identify(arduino/firmware/lib) by extension 'cmake'
[0.925s] Level 1:colcon.colcon_core.package_identification:_identify(arduino/firmware/lib) by extension 'python'
[0.925s] Level 1:colcon.colcon_core.package_identification:_identify(arduino/firmware/lib) by extensions ['python_setup_py']
[0.925s] Level 1:colcon.colcon_core.package_identification:_identify(arduino/firmware/lib) by extension 'python_setup_py'
[0.925s] Level 1:colcon.colcon_core.package_identification:_identify(arduino/firmware/src) by extensions ['ignore', 'ignore_ament_install']
[0.926s] Level 1:colcon.colcon_core.package_identification:_identify(arduino/firmware/src) by extension 'ignore'
[0.926s] Level 1:colcon.colcon_core.package_identification:_identify(arduino/firmware/src) by extension 'ignore_ament_install'
[0.926s] Level 1:colcon.colcon_core.package_identification:_identify(arduino/firmware/src) by extensions ['colcon_pkg']
[0.926s] Level 1:colcon.colcon_core.package_identification:_identify(arduino/firmware/src) by extension 'colcon_pkg'
[0.926s] Level 1:colcon.colcon_core.package_identification:_identify(arduino/firmware/src) by extensions ['colcon_meta']
[0.926s] Level 1:colcon.colcon_core.package_identification:_identify(arduino/firmware/src) by extension 'colcon_meta'
[0.926s] Level 1:colcon.colcon_core.package_identification:_identify(arduino/firmware/src) by extensions ['ros']
[0.926s] Level 1:colcon.colcon_core.package_identification:_identify(arduino/firmware/src) by extension 'ros'
[0.926s] Level 1:colcon.colcon_core.package_identification:_identify(arduino/firmware/src) by extensions ['cmake', 'python']
[0.926s] Level 1:colcon.colcon_core.package_identification:_identify(arduino/firmware/src) by extension 'cmake'
[0.927s] Level 1:colcon.colcon_core.package_identification:_identify(arduino/firmware/src) by extension 'python'
[0.927s] Level 1:colcon.colcon_core.package_identification:_identify(arduino/firmware/src) by extensions ['python_setup_py']
[0.927s] Level 1:colcon.colcon_core.package_identification:_identify(arduino/firmware/src) by extension 'python_setup_py'
[0.927s] Level 1:colcon.colcon_core.package_identification:_identify(build) by extensions ['ignore', 'ignore_ament_install']
[0.927s] Level 1:colcon.colcon_core.package_identification:_identify(build) by extension 'ignore'
[0.927s] Level 1:colcon.colcon_core.package_identification:_identify(build) ignored
[0.928s] Level 1:colcon.colcon_core.package_identification:_identify(docs) by extensions ['ignore', 'ignore_ament_install']
[0.928s] Level 1:colcon.colcon_core.package_identification:_identify(docs) by extension 'ignore'
[0.928s] Level 1:colcon.colcon_core.package_identification:_identify(docs) by extension 'ignore_ament_install'
[0.928s] Level 1:colcon.colcon_core.package_identification:_identify(docs) by extensions ['colcon_pkg']
[0.928s] Level 1:colcon.colcon_core.package_identification:_identify(docs) by extension 'colcon_pkg'
[0.928s] Level 1:colcon.colcon_core.package_identification:_identify(docs) by extensions ['colcon_meta']
[0.928s] Level 1:colcon.colcon_core.package_identification:_identify(docs) by extension 'colcon_meta'
[0.929s] Level 1:colcon.colcon_core.package_identification:_identify(docs) by extensions ['ros']
[0.929s] Level 1:colcon.colcon_core.package_identification:_identify(docs) by extension 'ros'
[0.929s] Level 1:colcon.colcon_core.package_identification:_identify(docs) by extensions ['cmake', 'python']
[0.929s] Level 1:colcon.colcon_core.package_identification:_identify(docs) by extension 'cmake'
[0.929s] Level 1:colcon.colcon_core.package_identification:_identify(docs) by extension 'python'
[0.929s] Level 1:colcon.colcon_core.package_identification:_identify(docs) by extensions ['python_setup_py']
[0.929s] Level 1:colcon.colcon_core.package_identification:_identify(docs) by extension 'python_setup_py'
[0.929s] Level 1:colcon.colcon_core.package_identification:_identify(install) by extensions ['ignore', 'ignore_ament_install']
[0.929s] Level 1:colcon.colcon_core.package_identification:_identify(install) by extension 'ignore'
[0.929s] Level 1:colcon.colcon_core.package_identification:_identify(install) ignored
[0.929s] Level 1:colcon.colcon_core.package_identification:_identify(log) by extensions ['ignore', 'ignore_ament_install']
[0.929s] Level 1:colcon.colcon_core.package_identification:_identify(log) by extension 'ignore'
[0.930s] Level 1:colcon.colcon_core.package_identification:_identify(log) ignored
[0.930s] Level 1:colcon.colcon_core.package_identification:_identify(ros2_ws) by extensions ['ignore', 'ignore_ament_install']
[0.930s] Level 1:colcon.colcon_core.package_identification:_identify(ros2_ws) by extension 'ignore'
[0.930s] Level 1:colcon.colcon_core.package_identification:_identify(ros2_ws) by extension 'ignore_ament_install'
[0.930s] Level 1:colcon.colcon_core.package_identification:_identify(ros2_ws) by extensions ['colcon_pkg']
[0.930s] Level 1:colcon.colcon_core.package_identification:_identify(ros2_ws) by extension 'colcon_pkg'
[0.930s] Level 1:colcon.colcon_core.package_identification:_identify(ros2_ws) by extensions ['colcon_meta']
[0.930s] Level 1:colcon.colcon_core.package_identification:_identify(ros2_ws) by extension 'colcon_meta'
[0.930s] Level 1:colcon.colcon_core.package_identification:_identify(ros2_ws) by extensions ['ros']
[0.930s] Level 1:colcon.colcon_core.package_identification:_identify(ros2_ws) by extension 'ros'
[0.931s] Level 1:colcon.colcon_core.package_identification:_identify(ros2_ws) by extensions ['cmake', 'python']
[0.931s] Level 1:colcon.colcon_core.package_identification:_identify(ros2_ws) by extension 'cmake'
[0.931s] Level 1:colcon.colcon_core.package_identification:_identify(ros2_ws) by extension 'python'
[0.931s] Level 1:colcon.colcon_core.package_identification:_identify(ros2_ws) by extensions ['python_setup_py']
[0.931s] Level 1:colcon.colcon_core.package_identification:_identify(ros2_ws) by extension 'python_setup_py'
[0.931s] Level 1:colcon.colcon_core.package_identification:_identify(ros2_ws/build) by extensions ['ignore', 'ignore_ament_install']
[0.932s] Level 1:colcon.colcon_core.package_identification:_identify(ros2_ws/build) by extension 'ignore'
[0.932s] Level 1:colcon.colcon_core.package_identification:_identify(ros2_ws/build) ignored
[0.932s] Level 1:colcon.colcon_core.package_identification:_identify(ros2_ws/install) by extensions ['ignore', 'ignore_ament_install']
[0.932s] Level 1:colcon.colcon_core.package_identification:_identify(ros2_ws/install) by extension 'ignore'
[0.932s] Level 1:colcon.colcon_core.package_identification:_identify(ros2_ws/install) ignored
[0.933s] Level 1:colcon.colcon_core.package_identification:_identify(ros2_ws/log) by extensions ['ignore', 'ignore_ament_install']
[0.933s] Level 1:colcon.colcon_core.package_identification:_identify(ros2_ws/log) by extension 'ignore'
[0.933s] Level 1:colcon.colcon_core.package_identification:_identify(ros2_ws/log) ignored
[0.933s] Level 1:colcon.colcon_core.package_identification:_identify(ros2_ws/src) by extensions ['ignore', 'ignore_ament_install']
[0.933s] Level 1:colcon.colcon_core.package_identification:_identify(ros2_ws/src) by extension 'ignore'
[0.933s] Level 1:colcon.colcon_core.package_identification:_identify(ros2_ws/src) by extension 'ignore_ament_install'
[0.933s] Level 1:colcon.colcon_core.package_identification:_identify(ros2_ws/src) by extensions ['colcon_pkg']
[0.934s] Level 1:colcon.colcon_core.package_identification:_identify(ros2_ws/src) by extension 'colcon_pkg'
[0.934s] Level 1:colcon.colcon_core.package_identification:_identify(ros2_ws/src) by extensions ['colcon_meta']
[0.934s] Level 1:colcon.colcon_core.package_identification:_identify(ros2_ws/src) by extension 'colcon_meta'
[0.934s] Level 1:colcon.colcon_core.package_identification:_identify(ros2_ws/src) by extensions ['ros']
[0.934s] Level 1:colcon.colcon_core.package_identification:_identify(ros2_ws/src) by extension 'ros'
[0.934s] Level 1:colcon.colcon_core.package_identification:_identify(ros2_ws/src) by extensions ['cmake', 'python']
[0.934s] Level 1:colcon.colcon_core.package_identification:_identify(ros2_ws/src) by extension 'cmake'
[0.934s] Level 1:colcon.colcon_core.package_identification:_identify(ros2_ws/src) by extension 'python'
[0.934s] Level 1:colcon.colcon_core.package_identification:_identify(ros2_ws/src) by extensions ['python_setup_py']
[0.934s] Level 1:colcon.colcon_core.package_identification:_identify(ros2_ws/src) by extension 'python_setup_py'
[0.935s] Level 1:colcon.colcon_core.package_identification:_identify(ros2_ws/src/camera_perception) by extensions ['ignore', 'ignore_ament_install']
[0.935s] Level 1:colcon.colcon_core.package_identification:_identify(ros2_ws/src/camera_perception) by extension 'ignore'
[0.935s] Level 1:colcon.colcon_core.package_identification:_identify(ros2_ws/src/camera_perception) by extension 'ignore_ament_install'
[0.935s] Level 1:colcon.colcon_core.package_identification:_identify(ros2_ws/src/camera_perception) by extensions ['colcon_pkg']
[0.935s] Level 1:colcon.colcon_core.package_identification:_identify(ros2_ws/src/camera_perception) by extension 'colcon_pkg'
[0.935s] Level 1:colcon.colcon_core.package_identification:_identify(ros2_ws/src/camera_perception) by extensions ['colcon_meta']
[0.935s] Level 1:colcon.colcon_core.package_identification:_identify(ros2_ws/src/camera_perception) by extension 'colcon_meta'
[0.935s] Level 1:colcon.colcon_core.package_identification:_identify(ros2_ws/src/camera_perception) by extensions ['ros']
[0.935s] Level 1:colcon.colcon_core.package_identification:_identify(ros2_ws/src/camera_perception) by extension 'ros'
[0.939s] DEBUG:colcon.colcon_core.package_identification:Package 'ros2_ws/src/camera_perception' with type 'ros.ament_python' and name 'camera_perception'
[0.940s] Level 1:colcon.colcon_core.package_identification:_identify(ros2_ws/src/jetson_bringup) by extensions ['ignore', 'ignore_ament_install']
[0.940s] Level 1:colcon.colcon_core.package_identification:_identify(ros2_ws/src/jetson_bringup) by extension 'ignore'
[0.940s] Level 1:colcon.colcon_core.package_identification:_identify(ros2_ws/src/jetson_bringup) by extension 'ignore_ament_install'
[0.940s] Level 1:colcon.colcon_core.package_identification:_identify(ros2_ws/src/jetson_bringup) by extensions ['colcon_pkg']
[0.940s] Level 1:colcon.colcon_core.package_identification:_identify(ros2_ws/src/jetson_bringup) by extension 'colcon_pkg'
[0.940s] Level 1:colcon.colcon_core.package_identification:_identify(ros2_ws/src/jetson_bringup) by extensions ['colcon_meta']
[0.940s] Level 1:colcon.colcon_core.package_identification:_identify(ros2_ws/src/jetson_bringup) by extension 'colcon_meta'
[0.940s] Level 1:colcon.colcon_core.package_identification:_identify(ros2_ws/src/jetson_bringup) by extensions ['ros']
[0.940s] Level 1:colcon.colcon_core.package_identification:_identify(ros2_ws/src/jetson_bringup) by extension 'ros'
[0.941s] DEBUG:colcon.colcon_core.package_identification:Package 'ros2_ws/src/jetson_bringup' with type 'ros.ament_cmake' and name 'jetson_bringup'
[0.942s] Level 1:colcon.colcon_core.package_identification:_identify(ros2_ws/src/lidar_perception) by extensions ['ignore', 'ignore_ament_install']
[0.942s] Level 1:colcon.colcon_core.package_identification:_identify(ros2_ws/src/lidar_perception) by extension 'ignore'
[0.942s] Level 1:colcon.colcon_core.package_identification:_identify(ros2_ws/src/lidar_perception) by extension 'ignore_ament_install'
[0.942s] Level 1:colcon.colcon_core.package_identification:_identify(ros2_ws/src/lidar_perception) by extensions ['colcon_pkg']
[0.942s] Level 1:colcon.colcon_core.package_identification:_identify(ros2_ws/src/lidar_perception) by extension 'colcon_pkg'
[0.942s] Level 1:colcon.colcon_core.package_identification:_identify(ros2_ws/src/lidar_perception) by extensions ['colcon_meta']
[0.942s] Level 1:colcon.colcon_core.package_identification:_identify(ros2_ws/src/lidar_perception) by extension 'colcon_meta'
[0.942s] Level 1:colcon.colcon_core.package_identification:_identify(ros2_ws/src/lidar_perception) by extensions ['ros']
[0.942s] Level 1:colcon.colcon_core.package_identification:_identify(ros2_ws/src/lidar_perception) by extension 'ros'
[0.944s] DEBUG:colcon.colcon_core.package_identification:Package 'ros2_ws/src/lidar_perception' with type 'ros.ament_cmake' and name 'lidar_perception'
[0.944s] Level 1:colcon.colcon_core.package_identification:_identify(ros2_ws/src/obc_bringup) by extensions ['ignore', 'ignore_ament_install']
[0.944s] Level 1:colcon.colcon_core.package_identification:_identify(ros2_ws/src/obc_bringup) by extension 'ignore'
[0.944s] Level 1:colcon.colcon_core.package_identification:_identify(ros2_ws/src/obc_bringup) by extension 'ignore_ament_install'
[0.944s] Level 1:colcon.colcon_core.package_identification:_identify(ros2_ws/src/obc_bringup) by extensions ['colcon_pkg']
[0.944s] Level 1:colcon.colcon_core.package_identification:_identify(ros2_ws/src/obc_bringup) by extension 'colcon_pkg'
[0.945s] Level 1:colcon.colcon_core.package_identification:_identify(ros2_ws/src/obc_bringup) by extensions ['colcon_meta']
[0.945s] Level 1:colcon.colcon_core.package_identification:_identify(ros2_ws/src/obc_bringup) by extension 'colcon_meta'
[0.945s] Level 1:colcon.colcon_core.package_identification:_identify(ros2_ws/src/obc_bringup) by extensions ['ros']
[0.945s] Level 1:colcon.colcon_core.package_identification:_identify(ros2_ws/src/obc_bringup) by extension 'ros'
[0.946s] DEBUG:colcon.colcon_core.package_identification:Package 'ros2_ws/src/obc_bringup' with type 'ros.ament_cmake' and name 'obc_bringup'
[0.946s] Level 1:colcon.colcon_core.package_identification:_identify(ros2_ws/src/sensor_fusion) by extensions ['ignore', 'ignore_ament_install']
[0.946s] Level 1:colcon.colcon_core.package_identification:_identify(ros2_ws/src/sensor_fusion) by extension 'ignore'
[0.946s] Level 1:colcon.colcon_core.package_identification:_identify(ros2_ws/src/sensor_fusion) by extension 'ignore_ament_install'
[0.946s] Level 1:colcon.colcon_core.package_identification:_identify(ros2_ws/src/sensor_fusion) by extensions ['colcon_pkg']
[0.946s] Level 1:colcon.colcon_core.package_identification:_identify(ros2_ws/src/sensor_fusion) by extension 'colcon_pkg'
[0.946s] Level 1:colcon.colcon_core.package_identification:_identify(ros2_ws/src/sensor_fusion) by extensions ['colcon_meta']
[0.946s] Level 1:colcon.colcon_core.package_identification:_identify(ros2_ws/src/sensor_fusion) by extension 'colcon_meta'
[0.946s] Level 1:colcon.colcon_core.package_identification:_identify(ros2_ws/src/sensor_fusion) by extensions ['ros']
[0.946s] Level 1:colcon.colcon_core.package_identification:_identify(ros2_ws/src/sensor_fusion) by extension 'ros'
[0.947s] DEBUG:colcon.colcon_core.package_identification:Package 'ros2_ws/src/sensor_fusion' with type 'ros.ament_python' and name 'sensor_fusion'
[0.947s] Level 1:colcon.colcon_core.package_identification:_identify(ros2_ws/src/teleop_bridge) by extensions ['ignore', 'ignore_ament_install']
[0.948s] Level 1:colcon.colcon_core.package_identification:_identify(ros2_ws/src/teleop_bridge) by extension 'ignore'
[0.948s] Level 1:colcon.colcon_core.package_identification:_identify(ros2_ws/src/teleop_bridge) by extension 'ignore_ament_install'
[0.948s] Level 1:colcon.colcon_core.package_identification:_identify(ros2_ws/src/teleop_bridge) by extensions ['colcon_pkg']
[0.948s] Level 1:colcon.colcon_core.package_identification:_identify(ros2_ws/src/teleop_bridge) by extension 'colcon_pkg'
[0.948s] Level 1:colcon.colcon_core.package_identification:_identify(ros2_ws/src/teleop_bridge) by extensions ['colcon_meta']
[0.948s] Level 1:colcon.colcon_core.package_identification:_identify(ros2_ws/src/teleop_bridge) by extension 'colcon_meta'
[0.948s] Level 1:colcon.colcon_core.package_identification:_identify(ros2_ws/src/teleop_bridge) by extensions ['ros']
[0.948s] Level 1:colcon.colcon_core.package_identification:_identify(ros2_ws/src/teleop_bridge) by extension 'ros'
[0.949s] DEBUG:colcon.colcon_core.package_identification:Package 'ros2_ws/src/teleop_bridge' with type 'ros.ament_python' and name 'teleop_bridge'
[0.949s] Level 1:colcon.colcon_core.package_identification:_identify(ros2_ws/src/vehicle_msgs) by extensions ['ignore', 'ignore_ament_install']
[0.950s] Level 1:colcon.colcon_core.package_identification:_identify(ros2_ws/src/vehicle_msgs) by extension 'ignore'
[0.950s] Level 1:colcon.colcon_core.package_identification:_identify(ros2_ws/src/vehicle_msgs) by extension 'ignore_ament_install'
[0.950s] Level 1:colcon.colcon_core.package_identification:_identify(ros2_ws/src/vehicle_msgs) by extensions ['colcon_pkg']
[0.950s] Level 1:colcon.colcon_core.package_identification:_identify(ros2_ws/src/vehicle_msgs) by extension 'colcon_pkg'
[0.950s] Level 1:colcon.colcon_core.package_identification:_identify(ros2_ws/src/vehicle_msgs) by extensions ['colcon_meta']
[0.950s] Level 1:colcon.colcon_core.package_identification:_identify(ros2_ws/src/vehicle_msgs) by extension 'colcon_meta'
[0.950s] Level 1:colcon.colcon_core.package_identification:_identify(ros2_ws/src/vehicle_msgs) by extensions ['ros']
[0.950s] Level 1:colcon.colcon_core.package_identification:_identify(ros2_ws/src/vehicle_msgs) by extension 'ros'
[0.951s] DEBUG:colcon.colcon_core.package_identification:Package 'ros2_ws/src/vehicle_msgs' with type 'ros.ament_cmake' and name 'vehicle_msgs'
[0.951s] Level 1:colcon.colcon_core.package_identification:_identify(scripts) by extensions ['ignore', 'ignore_ament_install']
[0.951s] Level 1:colcon.colcon_core.package_identification:_identify(scripts) by extension 'ignore'
[0.951s] Level 1:colcon.colcon_core.package_identification:_identify(scripts) by extension 'ignore_ament_install'
[0.952s] Level 1:colcon.colcon_core.package_identification:_identify(scripts) by extensions ['colcon_pkg']
[0.952s] Level 1:colcon.colcon_core.package_identification:_identify(scripts) by extension 'colcon_pkg'
[0.952s] Level 1:colcon.colcon_core.package_identification:_identify(scripts) by extensions ['colcon_meta']
[0.952s] Level 1:colcon.colcon_core.package_identification:_identify(scripts) by extension 'colcon_meta'
[0.952s] Level 1:colcon.colcon_core.package_identification:_identify(scripts) by extensions ['ros']
[0.952s] Level 1:colcon.colcon_core.package_identification:_identify(scripts) by extension 'ros'
[0.952s] Level 1:colcon.colcon_core.package_identification:_identify(scripts) by extensions ['cmake', 'python']
[0.952s] Level 1:colcon.colcon_core.package_identification:_identify(scripts) by extension 'cmake'
[0.952s] Level 1:colcon.colcon_core.package_identification:_identify(scripts) by extension 'python'
[0.952s] Level 1:colcon.colcon_core.package_identification:_identify(scripts) by extensions ['python_setup_py']
[0.952s] Level 1:colcon.colcon_core.package_identification:_identify(scripts) by extension 'python_setup_py'
[0.953s] Level 1:colcon.colcon_core.package_discovery:discover_packages(recursive) using defaults
[0.953s] Level 1:colcon.colcon_core.package_discovery:discover_packages(ignore) discover
[0.953s] Level 1:colcon.colcon_core.package_discovery:discover_packages(ignore) using defaults
[0.953s] Level 1:colcon.colcon_core.package_discovery:discover_packages(path) discover
[0.953s] Level 1:colcon.colcon_core.package_discovery:discover_packages(path) using defaults
[1.009s] INFO:colcon.colcon_core.package_selection:Skipping not selected package 'jetson_bringup' in 'ros2_ws/src/jetson_bringup'
[1.009s] INFO:colcon.colcon_core.package_selection:Skipping not selected package 'obc_bringup' in 'ros2_ws/src/obc_bringup'
[1.009s] INFO:colcon.colcon_core.package_selection:Skipping not selected package 'vehicle_msgs' in 'ros2_ws/src/vehicle_msgs'
[1.009s] INFO:colcon.colcon_core.package_selection:Skipping not selected package 'camera_perception' in 'ros2_ws/src/camera_perception'
[1.009s] INFO:colcon.colcon_core.package_selection:Skipping not selected package 'lidar_perception' in 'ros2_ws/src/lidar_perception'
[1.009s] INFO:colcon.colcon_core.package_selection:Skipping not selected package 'sensor_fusion' in 'ros2_ws/src/sensor_fusion'
[1.010s] Level 1:colcon.colcon_core.package_discovery:discover_packages(prefix_path) check parameters
[1.010s] Level 1:colcon.colcon_core.package_discovery:discover_packages(prefix_path) discover
[1.022s] DEBUG:colcon.colcon_installed_package_information.package_discovery:Found 7 installed packages in /home/adit22/1811/ros2_ws/install
[1.023s] DEBUG:colcon.colcon_installed_package_information.package_discovery:Found 9 installed packages in /home/adit22/rosbot/install
[1.025s] DEBUG:colcon.colcon_installed_package_information.package_discovery:Found 354 installed packages in /opt/ros/humble
[1.027s] Level 1:colcon.colcon_core.package_discovery:discover_packages(prefix_path) using defaults
[1.177s] Level 5:colcon.colcon_core.verb:set package 'teleop_bridge' build argument 'cmake_args' from command line to 'None'
[1.177s] Level 5:colcon.colcon_core.verb:set package 'teleop_bridge' build argument 'cmake_target' from command line to 'None'
[1.177s] Level 5:colcon.colcon_core.verb:set package 'teleop_bridge' build argument 'cmake_target_skip_unavailable' from command line to 'False'
[1.177s] Level 5:colcon.colcon_core.verb:set package 'teleop_bridge' build argument 'cmake_clean_cache' from command line to 'False'
[1.177s] Level 5:colcon.colcon_core.verb:set package 'teleop_bridge' build argument 'cmake_clean_first' from command line to 'False'
[1.178s] Level 5:colcon.colcon_core.verb:set package 'teleop_bridge' build argument 'cmake_force_configure' from command line to 'False'
[1.178s] Level 5:colcon.colcon_core.verb:set package 'teleop_bridge' build argument 'ament_cmake_args' from command line to 'None'
[1.178s] Level 5:colcon.colcon_core.verb:set package 'teleop_bridge' build argument 'catkin_cmake_args' from command line to 'None'
[1.178s] Level 5:colcon.colcon_core.verb:set package 'teleop_bridge' build argument 'catkin_skip_building_tests' from command line to 'False'
[1.178s] DEBUG:colcon.colcon_core.verb:Building package 'teleop_bridge' with the following arguments: {'ament_cmake_args': None, 'build_base': '/home/adit22/1811/build/teleop_bridge', 'catkin_cmake_args': None, 'catkin_skip_building_tests': False, 'cmake_args': None, 'cmake_clean_cache': False, 'cmake_clean_first': False, 'cmake_force_configure': False, 'cmake_target': None, 'cmake_target_skip_unavailable': False, 'install_base': '/home/adit22/1811/install/teleop_bridge', 'merge_install': False, 'path': '/home/adit22/1811/ros2_ws/src/teleop_bridge', 'symlink_install': False, 'test_result_base': None}
[1.178s] INFO:colcon.colcon_core.executor:Executing jobs using 'parallel' executor
[1.179s] DEBUG:colcon.colcon_parallel_executor.executor.parallel:run_until_complete
[1.180s] INFO:colcon.colcon_ros.task.ament_python.build:Building ROS package in '/home/adit22/1811/ros2_ws/src/teleop_bridge' with build type 'ament_python'
[1.180s] Level 1:colcon.colcon_core.shell:create_environment_hook('teleop_bridge', 'ament_prefix_path')
[1.188s] INFO:colcon.colcon_core.plugin_system:Skipping extension 'colcon_core.shell.bat': Not used on non-Windows systems
[1.188s] INFO:colcon.colcon_core.shell:Creating environment hook '/home/adit22/1811/install/teleop_bridge/share/teleop_bridge/hook/ament_prefix_path.ps1'
[1.191s] INFO:colcon.colcon_core.shell:Creating environment descriptor '/home/adit22/1811/install/teleop_bridge/share/teleop_bridge/hook/ament_prefix_path.dsv'
[1.191s] INFO:colcon.colcon_core.shell:Creating environment hook '/home/adit22/1811/install/teleop_bridge/share/teleop_bridge/hook/ament_prefix_path.sh'
[1.192s] INFO:colcon.colcon_core.shell:Skip shell extension 'powershell' for command environment: Not usable outside of PowerShell
[1.193s] DEBUG:colcon.colcon_core.shell:Skip shell extension 'dsv' for command environment
[1.195s] WARNING:colcon.colcon_core.shell:The following packages are in the workspace but haven't been built:
- vehicle_msgs
They are being used from the following locations instead:
- /home/adit22/1811/ros2_ws/install/vehicle_msgs
To suppress this warning ignore these packages in the workspace:
--packages-ignore vehicle_msgs
[1.508s] INFO:colcon.colcon_core.task.python.build:Building Python package in '/home/adit22/1811/ros2_ws/src/teleop_bridge'
[1.509s] INFO:colcon.colcon_core.shell:Skip shell extension 'powershell' for command environment: Not usable outside of PowerShell
[1.509s] DEBUG:colcon.colcon_core.shell:Skip shell extension 'dsv' for command environment
[1.965s] DEBUG:colcon.colcon_core.task.python.build:Available setuptools commands: build_py, install_lib, bdist_dumb, egg_info, update_catalog, init_catalog, install, install_headers, extract_messages, sdist, install_scripts, bdist_rpm, test, bdist_wheel, build_scripts, install_egg_info, develop, saveopts, upload, check, dist_info, bdist_egg, build_clib, symlink_data, build_ext, bdist, clean, register, upload_docs, build, install_data, compile_catalog, alias, rotate, easy_install, setopt
[1.967s] DEBUG:colcon.colcon_core.event_handler.log_command:Invoking command in '/home/adit22/1811/ros2_ws/src/teleop_bridge': PYTHONPATH=/home/adit22/1811/build/teleop_bridge/prefix_override:/usr/lib/python3/dist-packages/colcon_core/task/python/colcon_distutils_commands:/home/adit22/1811/install/teleop_bridge/lib/python3.10/site-packages:${PYTHONPATH} /usr/bin/python3 -W ignore:setup.py install is deprecated -W ignore:easy_install command is deprecated setup.py egg_info --egg-base ../../../build/teleop_bridge build --build-base /home/adit22/1811/build/teleop_bridge/build install --record /home/adit22/1811/build/teleop_bridge/install.log --install-scripts $base/lib/teleop_bridge --single-version-externally-managed install_data
[2.163s] DEBUG:colcon.colcon_core.event_handler.log_command:Invoked command in '/home/adit22/1811/ros2_ws/src/teleop_bridge' returned '0': PYTHONPATH=/home/adit22/1811/build/teleop_bridge/prefix_override:/usr/lib/python3/dist-packages/colcon_core/task/python/colcon_distutils_commands:/home/adit22/1811/install/teleop_bridge/lib/python3.10/site-packages:${PYTHONPATH} /usr/bin/python3 -W ignore:setup.py install is deprecated -W ignore:easy_install command is deprecated setup.py egg_info --egg-base ../../../build/teleop_bridge build --build-base /home/adit22/1811/build/teleop_bridge/build install --record /home/adit22/1811/build/teleop_bridge/install.log --install-scripts $base/lib/teleop_bridge --single-version-externally-managed install_data
[2.170s] Level 1:colcon.colcon_core.environment:checking '/home/adit22/1811/install/teleop_bridge' for CMake module files
[2.170s] Level 1:colcon.colcon_core.environment:checking '/home/adit22/1811/install/teleop_bridge' for CMake config files
[2.171s] Level 1:colcon.colcon_core.environment:checking '/home/adit22/1811/install/teleop_bridge/lib'
[2.171s] Level 1:colcon.colcon_core.environment:checking '/home/adit22/1811/install/teleop_bridge/bin'
[2.171s] Level 1:colcon.colcon_core.environment:checking '/home/adit22/1811/install/teleop_bridge/lib/pkgconfig/teleop_bridge.pc'
[2.171s] Level 1:colcon.colcon_core.environment:checking '/home/adit22/1811/install/teleop_bridge/lib/python3.10/site-packages'
[2.171s] Level 1:colcon.colcon_core.shell:create_environment_hook('teleop_bridge', 'pythonpath')
[2.171s] INFO:colcon.colcon_core.shell:Creating environment hook '/home/adit22/1811/install/teleop_bridge/share/teleop_bridge/hook/pythonpath.ps1'
[2.172s] INFO:colcon.colcon_core.shell:Creating environment descriptor '/home/adit22/1811/install/teleop_bridge/share/teleop_bridge/hook/pythonpath.dsv'
[2.172s] INFO:colcon.colcon_core.shell:Creating environment hook '/home/adit22/1811/install/teleop_bridge/share/teleop_bridge/hook/pythonpath.sh'
[2.173s] Level 1:colcon.colcon_core.environment:checking '/home/adit22/1811/install/teleop_bridge/bin'
[2.173s] Level 1:colcon.colcon_core.environment:create_environment_scripts_only(teleop_bridge)
[2.173s] INFO:colcon.colcon_core.shell:Creating package script '/home/adit22/1811/install/teleop_bridge/share/teleop_bridge/package.ps1'
[2.174s] INFO:colcon.colcon_core.shell:Creating package descriptor '/home/adit22/1811/install/teleop_bridge/share/teleop_bridge/package.dsv'
[2.175s] INFO:colcon.colcon_core.shell:Creating package script '/home/adit22/1811/install/teleop_bridge/share/teleop_bridge/package.sh'
[2.176s] INFO:colcon.colcon_core.shell:Creating package script '/home/adit22/1811/install/teleop_bridge/share/teleop_bridge/package.bash'
[2.177s] INFO:colcon.colcon_core.shell:Creating package script '/home/adit22/1811/install/teleop_bridge/share/teleop_bridge/package.zsh'
[2.178s] Level 1:colcon.colcon_core.environment:create_file_with_runtime_dependencies(/home/adit22/1811/install/teleop_bridge/share/colcon-core/packages/teleop_bridge)
[2.178s] DEBUG:colcon.colcon_parallel_executor.executor.parallel:closing loop
[2.179s] DEBUG:colcon.colcon_parallel_executor.executor.parallel:loop closed
[2.179s] DEBUG:colcon.colcon_parallel_executor.executor.parallel:run_until_complete finished with '0'
[2.180s] DEBUG:colcon.colcon_core.event_reactor:joining thread
[2.225s] INFO:colcon.colcon_core.plugin_system:Skipping extension 'colcon_notification.desktop_notification.notify_send': Could not find 'notify-send'
[2.225s] INFO:colcon.colcon_core.plugin_system:Skipping extension 'colcon_notification.desktop_notification.terminal_notifier': Not used on non-Darwin systems
[2.225s] INFO:colcon.colcon_core.plugin_system:Skipping extension 'colcon_notification.desktop_notification.win32': Not used on non-Windows systems
[2.225s] INFO:colcon.colcon_notification.desktop_notification:Sending desktop notification using 'notify2'
[2.225s] DEBUG:colcon.colcon_notification.desktop_notification.notify2:Failed to initialize notify2: org.freedesktop.DBus.Error.FileNotFound: Failed to connect to socket /run/user/1000/bus: No such file or directory
[2.226s] DEBUG:colcon.colcon_core.event_reactor:joined thread
[2.226s] INFO:colcon.colcon_core.shell:Creating prefix script '/home/adit22/1811/install/local_setup.ps1'
[2.227s] INFO:colcon.colcon_core.shell:Creating prefix util module '/home/adit22/1811/install/_local_setup_util_ps1.py'
[2.228s] INFO:colcon.colcon_core.shell:Creating prefix chain script '/home/adit22/1811/install/setup.ps1'
[2.230s] INFO:colcon.colcon_core.shell:Creating prefix script '/home/adit22/1811/install/local_setup.sh'
[2.231s] INFO:colcon.colcon_core.shell:Creating prefix util module '/home/adit22/1811/install/_local_setup_util_sh.py'
[2.231s] INFO:colcon.colcon_core.shell:Creating prefix chain script '/home/adit22/1811/install/setup.sh'
[2.232s] INFO:colcon.colcon_core.shell:Creating prefix script '/home/adit22/1811/install/local_setup.bash'
[2.233s] INFO:colcon.colcon_core.shell:Creating prefix chain script '/home/adit22/1811/install/setup.bash'
[2.234s] INFO:colcon.colcon_core.shell:Creating prefix script '/home/adit22/1811/install/local_setup.zsh'
[2.235s] INFO:colcon.colcon_core.shell:Creating prefix chain script '/home/adit22/1811/install/setup.zsh'
