/home/adit22/1811/install/teleop_bridge/lib/python3.10/site-packages/teleop_bridge/serial_bridge_node.py
/home/adit22/1811/install/teleop_bridge/lib/python3.10/site-packages/teleop_bridge/keyboard_teleop_node.py
/home/adit22/1811/install/teleop_bridge/lib/python3.10/site-packages/teleop_bridge/__init__.py
/home/adit22/1811/install/teleop_bridge/lib/python3.10/site-packages/teleop_bridge/gamepad_node.py
/home/adit22/1811/install/teleop_bridge/lib/python3.10/site-packages/teleop_bridge/__pycache__/serial_bridge_node.cpython-310.pyc
/home/adit22/1811/install/teleop_bridge/lib/python3.10/site-packages/teleop_bridge/__pycache__/keyboard_teleop_node.cpython-310.pyc
/home/adit22/1811/install/teleop_bridge/lib/python3.10/site-packages/teleop_bridge/__pycache__/__init__.cpython-310.pyc
/home/adit22/1811/install/teleop_bridge/lib/python3.10/site-packages/teleop_bridge/__pycache__/gamepad_node.cpython-310.pyc
/home/adit22/1811/install/teleop_bridge/share/ament_index/resource_index/packages/teleop_bridge
/home/adit22/1811/install/teleop_bridge/share/teleop_bridge/package.xml
/home/adit22/1811/install/teleop_bridge/share/teleop_bridge/launch/teleop_bridge.launch.py
/home/adit22/1811/install/teleop_bridge/lib/python3.10/site-packages/teleop_bridge-0.0.0-py3.10.egg-info/top_level.txt
/home/adit22/1811/install/teleop_bridge/lib/python3.10/site-packages/teleop_bridge-0.0.0-py3.10.egg-info/zip-safe
/home/adit22/1811/install/teleop_bridge/lib/python3.10/site-packages/teleop_bridge-0.0.0-py3.10.egg-info/PKG-INFO
/home/adit22/1811/install/teleop_bridge/lib/python3.10/site-packages/teleop_bridge-0.0.0-py3.10.egg-info/entry_points.txt
/home/adit22/1811/install/teleop_bridge/lib/python3.10/site-packages/teleop_bridge-0.0.0-py3.10.egg-info/requires.txt
/home/adit22/1811/install/teleop_bridge/lib/python3.10/site-packages/teleop_bridge-0.0.0-py3.10.egg-info/dependency_links.txt
/home/adit22/1811/install/teleop_bridge/lib/python3.10/site-packages/teleop_bridge-0.0.0-py3.10.egg-info/SOURCES.txt
/home/adit22/1811/install/teleop_bridge/lib/teleop_bridge/gamepad_node
/home/adit22/1811/install/teleop_bridge/lib/teleop_bridge/keyboard_teleop_node
/home/adit22/1811/install/teleop_bridge/lib/teleop_bridge/serial_bridge_node
